Component: ARM Compiler 6.16 Tool: armlink [5dfeaa00]

==============================================================================

Section Cross References

    i2c.o(.ARM.exidx.text.I2C_Init) refers to i2c.o(.text.I2C_Init) for [Anonymous Symbol]
    i2c.o(.text.I2C_Ping) refers to i2c.o(.text.i2c_enable) for i2c_enable
    i2c.o(.text.I2C_Ping) refers to i2c.o(.text.i2c_tran) for i2c_tran
    i2c.o(.text.I2C_Ping) refers to i2c.o(.text.i2c_m_start) for i2c_m_start
    i2c.o(.text.I2C_Ping) refers to i2c.o(.text.i2c_send) for i2c_send
    i2c.o(.text.I2C_Ping) refers to i2c.o(.text.i2c_wait) for i2c_wait
    i2c.o(.text.I2C_Ping) refers to i2c.o(.text.i2c_m_stop) for i2c_m_stop
    i2c.o(.text.I2C_Ping) refers to i2c.o(.text.i2c_disable) for i2c_disable
    i2c.o(.text.I2C_Ping) refers to i2c.o(.bss.error) for [Anonymous Symbol]
    i2c.o(.ARM.exidx.text.I2C_Ping) refers to i2c.o(.text.I2C_Ping) for [Anonymous Symbol]
    i2c.o(.ARM.exidx.text.i2c_enable) refers to i2c.o(.text.i2c_enable) for [Anonymous Symbol]
    i2c.o(.ARM.exidx.text.i2c_tran) refers to i2c.o(.text.i2c_tran) for [Anonymous Symbol]
    i2c.o(.ARM.exidx.text.i2c_m_start) refers to i2c.o(.text.i2c_m_start) for [Anonymous Symbol]
    i2c.o(.ARM.exidx.text.i2c_send) refers to i2c.o(.text.i2c_send) for [Anonymous Symbol]
    i2c.o(.text.i2c_wait) refers to i2c.o(.text.i2c_clr_IICIF) for i2c_clr_IICIF
    i2c.o(.text.i2c_wait) refers to i2c.o(.bss.error) for [Anonymous Symbol]
    i2c.o(.ARM.exidx.text.i2c_wait) refers to i2c.o(.text.i2c_wait) for [Anonymous Symbol]
    i2c.o(.ARM.exidx.text.i2c_m_stop) refers to i2c.o(.text.i2c_m_stop) for [Anonymous Symbol]
    i2c.o(.ARM.exidx.text.i2c_disable) refers to i2c.o(.text.i2c_disable) for [Anonymous Symbol]
    i2c.o(.text.I2C_Write) refers to i2c.o(.text.i2c_enable) for i2c_enable
    i2c.o(.text.I2C_Write) refers to i2c.o(.text.i2c_tran) for i2c_tran
    i2c.o(.text.I2C_Write) refers to i2c.o(.text.i2c_m_start) for i2c_m_start
    i2c.o(.text.I2C_Write) refers to i2c.o(.text.i2c_send) for i2c_send
    i2c.o(.text.I2C_Write) refers to i2c.o(.text.i2c_wait) for i2c_wait
    i2c.o(.text.I2C_Write) refers to i2c.o(.text.i2c_m_stop) for i2c_m_stop
    i2c.o(.text.I2C_Write) refers to i2c.o(.text.i2c_disable) for i2c_disable
    i2c.o(.text.I2C_Write) refers to i2c.o(.bss.error) for [Anonymous Symbol]
    i2c.o(.ARM.exidx.text.I2C_Write) refers to i2c.o(.text.I2C_Write) for [Anonymous Symbol]
    i2c.o(.text.I2C_Read) refers to i2c.o(.text.i2c_enable) for i2c_enable
    i2c.o(.text.I2C_Read) refers to i2c.o(.text.i2c_tran) for i2c_tran
    i2c.o(.text.I2C_Read) refers to i2c.o(.text.i2c_m_start) for i2c_m_start
    i2c.o(.text.I2C_Read) refers to i2c.o(.text.i2c_send) for i2c_send
    i2c.o(.text.I2C_Read) refers to i2c.o(.text.i2c_wait) for i2c_wait
    i2c.o(.text.I2C_Read) refers to i2c.o(.text.i2c_rec) for i2c_rec
    i2c.o(.text.I2C_Read) refers to i2c.o(.text.i2c_nack) for i2c_nack
    i2c.o(.text.I2C_Read) refers to i2c.o(.text.i2c_recv) for i2c_recv
    i2c.o(.text.I2C_Read) refers to i2c.o(.text.i2c_m_stop) for i2c_m_stop
    i2c.o(.text.I2C_Read) refers to i2c.o(.text.i2c_disable) for i2c_disable
    i2c.o(.text.I2C_Read) refers to i2c.o(.bss.error) for [Anonymous Symbol]
    i2c.o(.text.I2C_Read) refers to i2c.o(.bss.dummy) for dummy
    i2c.o(.ARM.exidx.text.I2C_Read) refers to i2c.o(.text.I2C_Read) for [Anonymous Symbol]
    i2c.o(.ARM.exidx.text.i2c_rec) refers to i2c.o(.text.i2c_rec) for [Anonymous Symbol]
    i2c.o(.ARM.exidx.text.i2c_nack) refers to i2c.o(.text.i2c_nack) for [Anonymous Symbol]
    i2c.o(.ARM.exidx.text.i2c_recv) refers to i2c.o(.text.i2c_recv) for [Anonymous Symbol]
    i2c.o(.text.I2C_WriteReg) refers to i2c.o(.text.i2c_enable) for i2c_enable
    i2c.o(.text.I2C_WriteReg) refers to i2c.o(.text.i2c_tran) for i2c_tran
    i2c.o(.text.I2C_WriteReg) refers to i2c.o(.text.i2c_m_start) for i2c_m_start
    i2c.o(.text.I2C_WriteReg) refers to i2c.o(.text.i2c_send) for i2c_send
    i2c.o(.text.I2C_WriteReg) refers to i2c.o(.text.i2c_wait) for i2c_wait
    i2c.o(.text.I2C_WriteReg) refers to i2c.o(.text.i2c_m_stop) for i2c_m_stop
    i2c.o(.text.I2C_WriteReg) refers to i2c.o(.text.i2c_disable) for i2c_disable
    i2c.o(.text.I2C_WriteReg) refers to i2c.o(.bss.error) for [Anonymous Symbol]
    i2c.o(.ARM.exidx.text.I2C_WriteReg) refers to i2c.o(.text.I2C_WriteReg) for [Anonymous Symbol]
    i2c.o(.text.I2C_ReadReg) refers to i2c.o(.text.i2c_enable) for i2c_enable
    i2c.o(.text.I2C_ReadReg) refers to i2c.o(.text.i2c_clr_IICIF) for i2c_clr_IICIF
    i2c.o(.text.I2C_ReadReg) refers to i2c.o(.text.i2c_tran) for i2c_tran
    i2c.o(.text.I2C_ReadReg) refers to i2c.o(.text.i2c_m_start) for i2c_m_start
    i2c.o(.text.I2C_ReadReg) refers to i2c.o(.text.i2c_send) for i2c_send
    i2c.o(.text.I2C_ReadReg) refers to i2c.o(.text.i2c_wait) for i2c_wait
[...]
    rtexit.o(.ARM.Collect$$rtexit$$00000000) refers (Special) to rtexit2.o(.ARM.Collect$$rtexit$$00000003) for __rt_exit_ls
    rtexit.o(.ARM.Collect$$rtexit$$00000000) refers (Special) to rtexit2.o(.ARM.Collect$$rtexit$$00000002) for __rt_exit_prels_1
    rtexit.o(.ARM.exidx) refers (Special) to rtexit2.o(.ARM.Collect$$rtexit$$00000004) for __rt_exit_exit
    rtexit.o(.ARM.exidx) refers (Special) to rtexit2.o(.ARM.Collect$$rtexit$$00000003) for __rt_exit_ls
    rtexit.o(.ARM.exidx) refers (Special) to rtexit2.o(.ARM.Collect$$rtexit$$00000002) for __rt_exit_prels_1
    rtexit.o(.ARM.exidx) refers to rtexit.o(.ARM.Collect$$rtexit$$00000000) for .ARM.Collect$$rtexit$$00000000
    rt_raise.o(.text) refers to __raise.o(.text) for __raise
    rt_raise.o(.text) refers to sys_exit.o(.text) for _sys_exit
    defsig_exit.o(.text) refers to sys_exit.o(.text) for _sys_exit
    defsig_fpe_inner.o(.text) refers to defsig_general.o(.text) for __default_signal_display
    libinit2.o(.ARM.Collect$$libinit$$00000010) refers to libinit2.o(.ARM.Collect$$libinit$$0000000F) for .ARM.Collect$$libinit$$0000000F
    libinit2.o(.ARM.Collect$$libinit$$00000012) refers to libinit2.o(.ARM.Collect$$libinit$$0000000F) for .ARM.Collect$$libinit$$0000000F
    libinit2.o(.ARM.Collect$$libinit$$00000014) refers to libinit2.o(.ARM.Collect$$libinit$$0000000F) for .ARM.Collect$$libinit$$0000000F
    libinit2.o(.ARM.Collect$$libinit$$00000016) refers to libinit2.o(.ARM.Collect$$libinit$$0000000F) for .ARM.Collect$$libinit$$0000000F
    libinit2.o(.ARM.Collect$$libinit$$00000018) refers to libinit2.o(.ARM.Collect$$libinit$$0000000F) for .ARM.Collect$$libinit$$0000000F
    libinit2.o(.ARM.Collect$$libinit$$00000026) refers to argv_veneer.o(.text) for __ARM_argv_veneer
    libinit2.o(.ARM.Collect$$libinit$$00000027) refers to argv_veneer.o(.text) for __ARM_argv_veneer
    retnan.o(.text) refers (Special) to usenofp.o(x$fpl$usenofp) for __I$use$fp
    retnan.o(.text) refers to cmpret.o(.text) for __fpl_cmpreturn
    sys_exit.o(.text) refers (Special) to use_no_semi.o(.text) for __I$use$semihosting
    sys_exit.o(.text) refers (Special) to indicate_semi.o(.text) for __semihosting_library_function
    sys_exit_hlt.o(.text) refers (Special) to use_no_semi.o(.text) for __I$use$semihosting
    sys_exit_hlt.o(.text) refers (Special) to indicate_semi.o(.text) for __semihosting_library_function
    rtexit2.o(.ARM.Collect$$rtexit$$00000003) refers to libshutdown.o(.ARM.Collect$$libshutdown$$00000000) for __rt_lib_shutdown
    rtexit2.o(.ARM.Collect$$rtexit$$00000004) refers to sys_exit.o(.text) for _sys_exit
    rtexit2.o(.ARM.exidx) refers to rtexit2.o(.ARM.Collect$$rtexit$$00000001) for .ARM.Collect$$rtexit$$00000001
    rtexit2.o(.ARM.exidx) refers to rtexit2.o(.ARM.Collect$$rtexit$$00000003) for .ARM.Collect$$rtexit$$00000003
    rtexit2.o(.ARM.exidx) refers to rtexit2.o(.ARM.Collect$$rtexit$$00000004) for .ARM.Collect$$rtexit$$00000004
    __raise.o(.text) refers to defsig.o(CL$$defsig) for __default_signal_handler
    defsig_general.o(.text) refers to sys_wrch.o(.text) for _ttywrch
    sys_wrch.o(.text) refers (Special) to use_no_semi.o(.text) for __I$use$semihosting
    sys_wrch.o(.text) refers (Special) to indicate_semi.o(.text) for __semihosting_library_function
    sys_wrch_hlt.o(.text) refers (Special) to use_no_semi.o(.text) for __I$use$semihosting
    sys_wrch_hlt.o(.text) refers (Special) to indicate_semi.o(.text) for __semihosting_library_function
    defsig.o(CL$$defsig) refers to defsig_fpe_inner.o(.text) for __rt_SIGFPE_inner
    defsig.o(CL$$defsig) refers to defsig_rtmem_inner.o(.text) for __rt_SIGRTMEM_inner
    _get_argv_nomalloc.o(.text) refers (Special) to hrguard.o(.text) for __heap_region$guard
    _get_argv_nomalloc.o(.text) refers to defsig_rtmem_outer.o(.text) for __rt_SIGRTMEM
    _get_argv_nomalloc.o(.text) refers to sys_command.o(.text) for _sys_command_string
    libshutdown.o(.ARM.Collect$$libshutdown$$00000000) refers (Special) to libshutdown2.o(.ARM.Collect$$libshutdown$$00000002) for __rt_lib_shutdown_cpp_1
    libshutdown.o(.ARM.Collect$$libshutdown$$00000000) refers (Special) to libshutdown2.o(.ARM.Collect$$libshutdown$$00000007) for __rt_lib_shutdown_fp_trap_1
    libshutdown.o(.ARM.Collect$$libshutdown$$00000000) refers (Special) to libshutdown2.o(.ARM.Collect$$libshutdown$$0000000F) for __rt_lib_shutdown_heap_1
    libshutdown.o(.ARM.Collect$$libshutdown$$00000000) refers (Special) to libshutdown2.o(.ARM.Collect$$libshutdown$$00000010) for __rt_lib_shutdown_return
    libshutdown.o(.ARM.Collect$$libshutdown$$00000000) refers (Special) to libshutdown2.o(.ARM.Collect$$libshutdown$$0000000A) for __rt_lib_shutdown_signal_1
    libshutdown.o(.ARM.Collect$$libshutdown$$00000000) refers (Special) to libshutdown2.o(.ARM.Collect$$libshutdown$$00000004) for __rt_lib_shutdown_stdio_1
    libshutdown.o(.ARM.Collect$$libshutdown$$00000000) refers (Special) to libshutdown2.o(.ARM.Collect$$libshutdown$$0000000C) for __rt_lib_shutdown_user_alloc_1
    sys_command.o(.text) refers (Special) to use_no_semi.o(.text) for __I$use$semihosting
    sys_command.o(.text) refers (Special) to indicate_semi.o(.text) for __semihosting_library_function
    sys_command_hlt.o(.text) refers (Special) to use_no_semi.o(.text) for __I$use$semihosting
    sys_command_hlt.o(.text) refers (Special) to indicate_semi.o(.text) for __semihosting_library_function
    defsig_abrt_inner.o(.text) refers to defsig_general.o(.text) for __default_signal_display
    defsig_rtred_inner.o(.text) refers to defsig_general.o(.text) for __default_signal_display
    defsig_rtmem_inner.o(.text) refers to defsig_general.o(.text) for __default_signal_display
    defsig_rtmem_outer.o(.text) refers to defsig_rtmem_inner.o(.text) for __rt_SIGRTMEM_inner
    defsig_rtmem_outer.o(.text) refers to defsig_exit.o(.text) for __sig_exit
    defsig_rtmem_formal.o(.text) refers to rt_raise.o(.text) for __rt_raise
    defsig_stak_inner.o(.text) refers to defsig_general.o(.text) for __default_signal_display
    defsig_pvfn_inner.o(.text) refers to defsig_general.o(.text) for __default_signal_display
    defsig_cppl_inner.o(.text) refers to defsig_general.o(.text) for __default_signal_display
    defsig_segv_inner.o(.text) refers to defsig_general.o(.text) for __default_signal_display
    defsig_other.o(.text) refers to defsig_general.o(.text) for __default_signal_display


==============================================================================

Removing Unused input sections from the image.

    Removing i2c.o(.text), (0 bytes).
    Removing i2c.o(.ARM.exidx.text.I2C_Init), (8 bytes).
    Removing i2c.o(.text.I2C_Ping), (52 bytes).
    Removing i2c.o(.ARM.exidx.text.I2C_Ping), (8 bytes).
    Removing i2c.o(.ARM.exidx.text.i2c_enable), (8 bytes).
    Removing i2c.o(.ARM.exidx.text.i2c_tran), (8 bytes).
    Removing i2c.o(.ARM.exidx.text.i2c_m_start), (8 bytes).
    Removing i2c.o(.ARM.exidx.text.i2c_send), (8 bytes).
    Removing i2c.o(.ARM.exidx.text.i2c_wait), (8 bytes).
    Removing i2c.o(.ARM.exidx.text.i2c_m_stop), (8 bytes).
    Removing i2c.o(.ARM.exidx.text.i2c_disable), (8 bytes).
    Removing i2c.o(.ARM.exidx.text.I2C_Write), (8 bytes).
    Removing i2c.o(.ARM.exidx.text.I2C_Read), (8 bytes).
    Removing i2c.o(.ARM.exidx.text.i2c_rec), (8 bytes).
    Removing i2c.o(.ARM.exidx.text.i2c_nack), (8 bytes).
    Removing i2c.o(.ARM.exidx.text.i2c_recv), (8 bytes).
    Removing i2c.o(.ARM.exidx.text.I2C_WriteReg), (8 bytes).
    Removing i2c.o(.ARM.exidx.text.I2C_ReadReg), (8 bytes).
    Removing i2c.o(.ARM.exidx.text.i2c_clr_IICIF), (8 bytes).
    Removing i2c.o(.ARM.exidx.text.i2c_m_rstart), (8 bytes).
    Removing i2c.o(.ARM.exidx.text.I2C_ReadRegBlock), (8 bytes).
    Removing i2c.o(.ARM.exidx.text.i2c_ack), (8 bytes).
    Removing lcd1602.o(.text), (0 bytes).
    Removing lcd1602.o(.ARM.exidx.text.LCD1602_Init), (8 bytes).
    Removing lcd1602.o(.ARM.exidx.text.LCD1602_CheckAddress), (8 bytes).
    Removing lcd1602.o(.ARM.exidx.text.LCD1602_Write8), (8 bytes).
    Removing lcd1602.o(.text.LCD1602_Blink_On), (12 bytes).
    Removing lcd1602.o(.ARM.exidx.text.LCD1602_Blink_On), (8 bytes).
    Removing lcd1602.o(.text.LCD1602_Blink_Off), (12 bytes).
    Removing lcd1602.o(.ARM.exidx.text.LCD1602_Blink_Off), (8 bytes).
    Removing lcd1602.o(.text.LCD1602_Blink_Off_Cursor_On), (12 bytes).
    Removing lcd1602.o(.ARM.exidx.text.LCD1602_Blink_Off_Cursor_On), (8 bytes).
    Removing lcd1602.o(.ARM.exidx.text.LCD1602_SetCursor), (8 bytes).
    Removing lcd1602.o(.ARM.exidx.text.LCD1602_ClearAll), (8 bytes).
    Removing lcd1602.o(.ARM.exidx.text.LCD1602_Print), (8 bytes).
    Removing lcd1602.o(.text.LCD1602_PrintNum), (44 bytes).
    Removing lcd1602.o(.ARM.exidx.text.LCD1602_PrintNum), (8 bytes).
    Removing lcd1602.o(.text.itoa), (118 bytes).
    Removing lcd1602.o(.ARM.exidx.text.itoa), (8 bytes).
    Removing lcd1602.o(.ARM.exidx.text.LCD1602_Backlight), (8 bytes).
    Removing lcd1602.o(.ARM.exidx.text.PCF8574_Write), (8 bytes).
    Removing lcd1602.o(.ARM.exidx.text.LCD1602_Write4), (8 bytes).
    Removing lcd1602.o(.ARM.exidx.text.LCD1602_BF_AC), (8 bytes).
    Removing lcd1602.o(.ARM.exidx.text.LCD1602_PL_CH), (8 bytes).
    Removing lcd1602.o(.ARM.exidx.text.LCD1602_PrintPL), (8 bytes).
    Removing lcd1602.o(.data.PL_CH_z__), (8 bytes).
    Removing leds.o(.text), (0 bytes).
    Removing leds.o(.ARM.exidx.text.LED_Init), (8 bytes).
    Removing main.o(.text), (0 bytes).
    Removing main.o(.ARM.exidx.text.PORTA_IRQHandler), (8 bytes).
    Removing main.o(.ARM.exidx.text.__NVIC_ClearPendingIRQ), (8 bytes).
    Removing main.o(.ARM.exidx.text.check_admin_combination), (8 bytes).
    Removing main.o(.ARM.exidx.text.admin_mode_logic), (8 bytes).
    Removing main.o(.ARM.exidx.text.check_alarm_combination), (8 bytes).
    Removing main.o(.ARM.exidx.text.main), (8 bytes).
    Removing main.o(.ARM.use_no_argv), (4 bytes).
    Removing klaw.o(.text), (0 bytes).
    Removing klaw.o(.ARM.exidx.text.Klaw_Init), (8 bytes).
    Removing klaw.o(.ARM.exidx.text.Klaw_S1_4_Int), (8 bytes).
    Removing klaw.o(.ARM.exidx.text.__NVIC_SetPriority), (8 bytes).
    Removing klaw.o(.ARM.exidx.text.__NVIC_ClearPendingIRQ), (8 bytes).
    Removing klaw.o(.ARM.exidx.text.__NVIC_EnableIRQ), (8 bytes).
    Removing pir.o(.text), (0 bytes).
    Removing pir.o(.ARM.exidx.text.PIR_Init), (8 bytes).
    Removing pir.o(.ARM.exidx.text.PIR_Detected), (8 bytes).
    Removing system_mkl05z4.o(.text), (0 bytes).
    Removing system_mkl05z4.o(.ARM.exidx.text.SystemInit), (8 bytes).
    Removing system_mkl05z4.o(.text.SystemCoreClockUpdate), (184 bytes).
    Removing system_mkl05z4.o(.ARM.exidx.text.SystemCoreClockUpdate), (8 bytes).
    Removing system_mkl05z4.o(.data.SystemCoreClock), (4 bytes).

70 unused section(s) (total 874 bytes) removed from the image.

==============================================================================

Image Symbol Table

    Local Symbols

    Symbol Name                              Value     Ov Type        Size  Object(Section)

    ../clib/angel/boardlib.s                 0x00000000   Number         0  boardinit1.o ABSOLUTE
    ../clib/angel/boardlib.s                 0x00000000   Number         0  boardinit2.o ABSOLUTE
    ../clib/angel/boardlib.s                 0x00000000   Number         0  boardinit3.o ABSOLUTE
    ../clib/angel/boardlib.s                 0x00000000   Number         0  boardshut.o ABSOLUTE
    ../clib/angel/handlers.s                 0x00000000   Number         0  __scatter_copy.o ABSOLUTE
    ../clib/angel/handlers.s                 0x00000000   Number         0  __scatter_zi.o ABSOLUTE
    ../clib/angel/kernel.s                   0x00000000   Number         0  __rtentry.o ABSOLUTE
    ../clib/angel/kernel.s                   0x00000000   Number         0  __rtentry2.o ABSOLUTE
    ../clib/angel/kernel.s                   0x00000000   Number         0  __rtentry4.o ABSOLUTE
    ../clib/angel/kernel.s                   0x00000000   Number         0  rtexit.o ABSOLUTE
    ../clib/angel/kernel.s                   0x00000000   Number         0  rtexit2.o ABSOLUTE
    ../clib/angel/rt.s                       0x00000000   Number         0  aeabi_idiv0.o ABSOLUTE
    ../clib/angel/rt.s                       0x00000000   Number         0  aeabi_idiv0_sigfpe.o ABSOLUTE
    ../clib/angel/rt.s                       0x00000000   Number         0  rt_div0.o ABSOLUTE
    ../clib/angel/rt.s                       0x00000000   Number         0  rt_raise.o ABSOLUTE
    ../clib/angel/scatterp.s                 0x00000000   Number         0  __scatter.o ABSOLUTE
    ../clib/angel/startup.s                  0x00000000   Number         0  __main.o ABSOLUTE
    ../clib/angel/sys.s                      0x00000000   Number         0  sys_stackheap_outer.o ABSOLUTE
    ../clib/angel/sys.s                      0x00000000   Number         0  libspace.o ABSOLUTE
    ../clib/angel/sys.s                      0x00000000   Number         0  tempstk.o ABSOLUTE
    ../clib/angel/sys.s                      0x00000000   Number         0  use_no_semi.o ABSOLUTE
    ../clib/angel/sys.s                      0x00000000   Number         0  indicate_semi.o ABSOLUTE
    ../clib/angel/sysapp.c                   0x00000000   Number         0  sys_exit.o ABSOLUTE
    ../clib/angel/sysapp.c                   0x00000000   Number         0  sys_exit_hlt.o ABSOLUTE
    ../clib/angel/sysapp.c                   0x00000000   Number         0  sys_wrch.o ABSOLUTE
    ../clib/angel/sysapp.c                   0x00000000   Number         0  sys_wrch_hlt.o ABSOLUTE
    ../clib/angel/sysapp.c                   0x00000000   Number         0  sys_command.o ABSOLUTE
    ../clib/angel/sysapp.c                   0x00000000   Number         0  sys_command_hlt.o ABSOLUTE
    ../clib/armsys.c                         0x00000000   Number         0  argv_veneer.o ABSOLUTE
    ../clib/armsys.c                         0x00000000   Number         0  _get_argv_nomalloc.o ABSOLUTE
    ../clib/armsys.c                         0x00000000   Number         0  no_argv.o ABSOLUTE
    ../clib/division.c                       0x00000000   Number         0  rtudiv10.o ABSOLUTE
    ../clib/division.s                       0x00000000   Number         0  aeabi_sdivfast.o ABSOLUTE
    ../clib/division.s                       0x00000000   Number         0  aeabi_sdivfast_div0.o ABSOLUTE
    ../clib/heapalloc.c                      0x00000000   Number         0  hrguard.o ABSOLUTE
    ../clib/heapaux.c                        0x00000000   Number         0  heapauxi.o ABSOLUTE
    ../clib/libinit.s                        0x00000000   Number         0  libinit.o ABSOLUTE
    ../clib/libinit.s                        0x00000000   Number         0  libinit2.o ABSOLUTE
    ../clib/libinit.s                        0x00000000   Number         0  libshutdown.o ABSOLUTE
    ../clib/libinit.s                        0x00000000   Number         0  libshutdown2.o ABSOLUTE
    ../clib/printf.c                         0x00000000   Number         0  __2snprintf.o ABSOLUTE
    ../clib/printf.c                         0x00000000   Number         0  noretval__2snprintf.o ABSOLUTE
    ../clib/printf.c                         0x00000000   Number         0  __printf.o ABSOLUTE
    ../clib/printf.c                         0x00000000   Number         0  _printf_dec.o ABSOLUTE
    ../clib/printf.c                         0x00000000   Number         0  __printf_flags.o ABSOLUTE
    ../clib/printf.c                         0x00000000   Number         0  __printf_ss.o ABSOLUTE
    ../clib/printf.c                         0x00000000   Number         0  __printf_flags_ss.o ABSOLUTE
    ../clib/printf.c                         0x00000000   Number         0  __printf_wp.o ABSOLUTE
    ../clib/printf.c                         0x00000000   Number         0  __printf_flags_wp.o ABSOLUTE
    ../clib/printf.c                         0x00000000   Number         0  __printf_ss_wp.o ABSOLUTE
    ../clib/printf.c                         0x00000000   Number         0  __printf_flags_ss_wp.o ABSOLUTE
    ../clib/printf.c                         0x00000000   Number         0  _printf_intcommon.o ABSOLUTE
    ../clib/printf.c                         0x00000000   Number         0  _printf_char_common.o ABSOLUTE
    ../clib/printf.c                         0x00000000   Number         0  _sputc.o ABSOLUTE
    ../clib/printf.c                         0x00000000   Number         0  _snputc.o ABSOLUTE
    ../clib/printf.c                         0x00000000   Number         0  __printf_nopercent.o ABSOLUTE
    ../clib/printf_percent.s                 0x00000000   Number         0  _printf_d.o ABSOLUTE
    ../clib/printf_percent.s                 0x00000000   Number         0  _printf_percent.o ABSOLUTE
    ../clib/printf_percent.s                 0x00000000   Number         0  _printf_percent_end.o ABSOLUTE
    ../clib/signal.c                         0x00000000   Number         0  defsig_fpe_outer.o ABSOLUTE
    ../clib/signal.c                         0x00000000   Number         0  defsig_fpe_formal.o ABSOLUTE
    ../clib/signal.c                         0x00000000   Number         0  defsig_exit.o ABSOLUTE
    ../clib/signal.c                         0x00000000   Number         0  defsig_fpe_inner.o ABSOLUTE
    ../clib/signal.c                         0x00000000   Number         0  __raise.o ABSOLUTE
    ../clib/signal.c                         0x00000000   Number         0  defsig_general.o ABSOLUTE
    ../clib/signal.c                         0x00000000   Number         0  defsig_abrt_inner.o ABSOLUTE
    ../clib/signal.c                         0x00000000   Number         0  defsig_rtred_inner.o ABSOLUTE
    ../clib/signal.c                         0x00000000   Number         0  defsig_rtmem_inner.o ABSOLUTE
    ../clib/signal.c                         0x00000000   Number         0  defsig_rtmem_outer.o ABSOLUTE
    ../clib/signal.c                         0x00000000   Number         0  defsig_rtmem_formal.o ABSOLUTE
    ../clib/signal.c                         0x00000000   Number         0  defsig_stak_inner.o ABSOLUTE
    ../clib/signal.c                         0x00000000   Number         0  defsig_pvfn_inner.o ABSOLUTE
    ../clib/signal.c                         0x00000000   Number         0  defsig_cppl_inner.o ABSOLUTE
    ../clib/signal.c                         0x00000000   Number         0  defsig_segv_inner.o ABSOLUTE
    ../clib/signal.c                         0x00000000   Number         0  defsig_other.o ABSOLUTE
    ../clib/signal.s                         0x00000000   Number         0  defsig.o ABSOLUTE
    ../clib/stdlib.c                         0x00000000   Number         0  exit.o ABSOLUTE
    ../fplib/cfplib/cmp.c                    0x00000000   Number         0  dcmp.o ABSOLUTE
    ../fplib/cfplib/cmpret.c                 0x00000000   Number         0  cmpret.o ABSOLUTE
    ../fplib/cfplib/daddsub.c                0x00000000   Number         0  daddsub.o ABSOLUTE
    ../fplib/cfplib/dcmpin.c                 0x00000000   Number         0  dcmpin.o ABSOLUTE
    ../fplib/cfplib/dmul.c                   0x00000000   Number         0  dmul.o ABSOLUTE
    ../fplib/cfplib/fflt.c                   0x00000000   Number         0  dflti.o ABSOLUTE
    ../fplib/cfplib/fpinit.c                 0x00000000   Number         0  fpinit.o ABSOLUTE
    ../fplib/cfplib/nan2.c                   0x00000000   Number         0  dnan2.o ABSOLUTE
    ../fplib/cfplib/retnan.c                 0x00000000   Number         0  retnan.o ABSOLUTE
    ../fplib/deqf6m.s                        0x00000000   Number         0  deqf.o ABSOLUTE
    ../fplib/dgeqf6m.s                       0x00000000   Number         0  dgef.o ABSOLUTE
    ../fplib/dleqf6m.s                       0x00000000   Number         0  dlef.o ABSOLUTE
    ../fplib/usenofp.s                       0x00000000   Number         0  usenofp.o ABSOLUTE
    RTE/Device/MKL05Z32xxx4/startup_MKL05Z4.s 0x00000000   Number         0  startup_mkl05z4.o ABSOLUTE
    dc.s                                     0x00000000   Number         0  dc.o ABSOLUTE
    i2c.c                                    0x00000000   Number         0  i2c.o ABSOLUTE
    klaw.c                                   0x00000000   Number         0  klaw.o ABSOLUTE
    lcd1602.c                                0x00000000   Number         0  lcd1602.o ABSOLUTE
    leds.c                                   0x00000000   Number         0  leds.o ABSOLUTE
    main.c                                   0x00000000   Number         0  main.o ABSOLUTE
    pir.c                                    0x00000000   Number         0  pir.o ABSOLUTE
    system_MKL05Z4.c                         0x00000000   Number         0  system_mkl05z4.o ABSOLUTE
    RESET                                    0x00000000   Section      192  startup_mkl05z4.o(RESET)
    !!!main                                  0x000000c0   Section        8  __main.o(!!!main)
    !!!scatter                               0x000000c8   Section       60  __scatter.o(!!!scatter)
    !!handler_copy                           0x00000104   Section       26  __scatter_copy.o(!!handler_copy)
    !!handler_zi                             0x00000120   Section       28  __scatter_zi.o(!!handler_zi)
    .ARM.Collect$$_printf_percent$$00000000  0x0000013c   Section        2  _printf_percent.o(.ARM.Collect$$_printf_percent$$00000000)
    .ARM.Collect$$_printf_percent$$00000009  0x0000013e   Section       10  _printf_d.o(.ARM.Collect$$_printf_percent$$00000009)
    .ARM.Collect$$_printf_percent$$00000017  0x00000148   Section        4  _printf_percent_end.o(.ARM.Collect$$_printf_percent$$00000017)
    .ARM.Collect$$libinit$$00000000          0x0000014c   Section        2  libinit.o(.ARM.Collect$$libinit$$00000000)
    .ARM.Collect$$libinit$$00000002          0x0000014e   Section        0  libinit2.o(.ARM.Collect$$libinit$$00000002)
    .ARM.Collect$$libinit$$00000004          0x0000014e   Section        0  libinit2.o(.ARM.Collect$$libinit$$00000004)
    .ARM.Collect$$libinit$$0000000A          0x0000014e   Section        0  libinit2.o(.ARM.Collect$$libinit$$0000000A)
    .ARM.Collect$$libinit$$0000000C          0x0000014e   Section        0  libinit2.o(.ARM.Collect$$libinit$$0000000C)
    .ARM.Collect$$libinit$$0000000E          0x0000014e   Section        0  libinit2.o(.ARM.Collect$$libinit$$0000000E)
    .ARM.Collect$$libinit$$00000011          0x0000014e   Section        0  libinit2.o(.ARM.Collect$$libinit$$00000011)
    .ARM.Collect$$libinit$$00000013          0x0000014e   Section        0  libinit2.o(.ARM.Collect$$libinit$$00000013)
    .ARM.Collect$$libinit$$00000015          0x0000014e   Section        0  libinit2.o(.ARM.Collect$$libinit$$00000015)
    .ARM.Collect$$libinit$$00000017          0x0000014e   Section        0  libinit2.o(.ARM.Collect$$libinit$$00000017)
    .ARM.Collect$$libinit$$00000019          0x0000014e   Section        0  libinit2.o(.ARM.Collect$$libinit$$00000019)
    .ARM.Collect$$libinit$$0000001B          0x0000014e   Section        0  libinit2.o(.ARM.Collect$$libinit$$0000001B)
    .ARM.Collect$$libinit$$0000001D          0x0000014e   Section        0  libinit2.o(.ARM.Collect$$libinit$$0000001D)
    .ARM.Collect$$libinit$$0000001F          0x0000014e   Section        0  libinit2.o(.ARM.Collect$$libinit$$0000001F)
    .ARM.Collect$$libinit$$00000021          0x0000014e   Section        0  libinit2.o(.ARM.Collect$$libinit$$00000021)
    .ARM.Collect$$libinit$$00000023          0x0000014e   Section        0  libinit2.o(.ARM.Collect$$libinit$$00000023)
    .ARM.Collect$$libinit$$00000025          0x0000014e   Section        0  libinit2.o(.ARM.Collect$$libinit$$00000025)
    .ARM.Collect$$libinit$$0000002C          0x0000014e   Section        0  libinit2.o(.ARM.Collect$$libinit$$0000002C)
    .ARM.Collect$$libinit$$0000002E          0x0000014e   Section        0  libinit2.o(.ARM.Collect$$libinit$$0000002E)
    .ARM.Collect$$libinit$$00000030          0x0000014e   Section        0  libinit2.o(.ARM.Collect$$libinit$$00000030)
    .ARM.Collect$$libinit$$00000032          0x0000014e   Section        0  libinit2.o(.ARM.Collect$$libinit$$00000032)
    .ARM.Collect$$libinit$$00000033          0x0000014e   Section        2  libinit2.o(.ARM.Collect$$libinit$$00000033)
    .ARM.Collect$$libshutdown$$00000000      0x00000150   Section        2  libshutdown.o(.ARM.Collect$$libshutdown$$00000000)
    .ARM.Collect$$libshutdown$$00000002      0x00000152   Section        0  libshutdown2.o(.ARM.Collect$$libshutdown$$00000002)
    .ARM.Collect$$libshutdown$$00000004      0x00000152   Section        0  libshutdown2.o(.ARM.Collect$$libshutdown$$00000004)
    .ARM.Collect$$libshutdown$$00000007      0x00000152   Section        0  libshutdown2.o(.ARM.Collect$$libshutdown$$00000007)
    .ARM.Collect$$libshutdown$$0000000A      0x00000152   Section        0  libshutdown2.o(.ARM.Collect$$libshutdown$$0000000A)
    .ARM.Collect$$libshutdown$$0000000C      0x00000152   Section        0  libshutdown2.o(.ARM.Collect$$libshutdown$$0000000C)
    .ARM.Collect$$libshutdown$$0000000F      0x00000152   Section        0  libshutdown2.o(.ARM.Collect$$libshutdown$$0000000F)
    .ARM.Collect$$libshutdown$$00000010      0x00000152   Section        2  libshutdown2.o(.ARM.Collect$$libshutdown$$00000010)
    .ARM.Collect$$rtentry$$00000000          0x00000154   Section        0  __rtentry.o(.ARM.Collect$$rtentry$$00000000)
    .ARM.Collect$$rtentry$$00000002          0x00000154   Section        0  __rtentry2.o(.ARM.Collect$$rtentry$$00000002)
    .ARM.Collect$$rtentry$$00000004          0x00000154   Section        6  __rtentry4.o(.ARM.Collect$$rtentry$$00000004)
    .ARM.Collect$$rtentry$$00000009          0x0000015a   Section        0  __rtentry2.o(.ARM.Collect$$rtentry$$00000009)
    .ARM.Collect$$rtentry$$0000000A          0x0000015a   Section        4  __rtentry2.o(.ARM.Collect$$rtentry$$0000000A)
    .ARM.Collect$$rtentry$$0000000C          0x0000015e   Section        0  __rtentry2.o(.ARM.Collect$$rtentry$$0000000C)
    .ARM.Collect$$rtentry$$0000000D          0x0000015e   Section        8  __rtentry2.o(.ARM.Collect$$rtentry$$0000000D)
    .ARM.Collect$$rtexit$$00000000           0x00000166   Section        2  rtexit.o(.ARM.Collect$$rtexit$$00000000)
    .ARM.Collect$$rtexit$$00000002           0x00000168   Section        0  rtexit2.o(.ARM.Collect$$rtexit$$00000002)
    .ARM.Collect$$rtexit$$00000003           0x00000168   Section        4  rtexit2.o(.ARM.Collect$$rtexit$$00000003)
    .ARM.Collect$$rtexit$$00000004           0x0000016c   Section        6  rtexit2.o(.ARM.Collect$$rtexit$$00000004)
    .text                                    0x00000174   Section       52  startup_mkl05z4.o(.text)
    .text                                    0x000001a8   Section        0  noretval__2snprintf.o(.text)
    .text                                    0x000001e0   Section        0  __printf.o(.text)
    .text                                    0x0000024c   Section        0  _printf_dec.o(.text)
    .text                                    0x000002b8   Section        0  heapauxi.o(.text)
    .text                                    0x000002be   Section        0  dflti.o(.text)
    .text                                    0x00000316   Section        0  _printf_intcommon.o(.text)
    _printf_input_char                       0x000003c9   Thumb Code    10  _printf_char_common.o(.text)
    .text                                    0x000003c8   Section        0  _printf_char_common.o(.text)
    .text                                    0x000003f8   Section        8  libspace.o(.text)
    .ARM.__at_0x400                          0x00000400   Section       16  startup_mkl05z4.o(.ARM.__at_0x400)
    _dadd1                                   0x00000411   Thumb Code   290  daddsub.o(.text)
    .text                                    0x00000410   Section        0  daddsub.o(.text)
    _dsub1                                   0x00000533   Thumb Code   470  daddsub.o(.text)
    .text                                    0x00000768   Section        0  dmul.o(.text)
    .text                                    0x000009b0   Section        0  _sputc.o(.text)
    .text                                    0x000009ba   Section        0  _snputc.o(.text)
    .text                                    0x000009ca   Section        0  rtudiv10.o(.text)
    .text                                    0x000009f4   Section        0  dcmpin.o(.text)
    .text                                    0x00000a94   Section       62  sys_stackheap_outer.o(.text)
    .text                                    0x00000ad2   Section        0  exit.o(.text)
    .text                                    0x00000ae2   Section        0  cmpret.o(.text)
    .text                                    0x00000b10   Section        0  dnan2.o(.text)
    .text                                    0x00000b24   Section        0  retnan.o(.text)
    .text                                    0x00000b84   Section        0  sys_exit.o(.text)
    .text                                    0x00000b90   Section        2  use_no_semi.o(.text)
    .text                                    0x00000b92   Section        0  indicate_semi.o(.text)
    [Anonymous Symbol]                       0x00000b94   Section        0  i2c.o(.text.I2C_Init)
    __arm_cp.0_0                             0x00000bd4   Number         4  i2c.o(.text.I2C_Init)
    __arm_cp.0_1                             0x00000bd8   Number         4  i2c.o(.text.I2C_Init)
    __arm_cp.0_2                             0x00000bdc   Number         4  i2c.o(.text.I2C_Init)
    [Anonymous Symbol]                       0x00000be0   Section        0  i2c.o(.text.I2C_Read)
    [Anonymous Symbol]                       0x00000c2c   Section        0  i2c.o(.text.I2C_ReadReg)
    [Anonymous Symbol]                       0x00000c9c   Section        0  i2c.o(.text.I2C_ReadRegBlock)
    __arm_cp.18_1                            0x00000d44   Number         4  i2c.o(.text.I2C_ReadRegBlock)
    [Anonymous Symbol]                       0x00000d48   Section        0  i2c.o(.text.I2C_Write)
    [Anonymous Symbol]                       0x00000d84   Section        0  i2c.o(.text.I2C_WriteReg)
    __arm_cp.14_0                            0x00000dd0   Number         4  i2c.o(.text.I2C_WriteReg)
    [Anonymous Symbol]                       0x00000dd4   Section        0  klaw.o(.text.Klaw_Init)
    [Anonymous Symbol]                       0x00000e18   Section        0  klaw.o(.text.Klaw_S1_4_Int)
    __arm_cp.1_0                             0x00000e48   Number         4  klaw.o(.text.Klaw_S1_4_Int)
    [Anonymous Symbol]                       0x00000e4c   Section        0  lcd1602.o(.text.LCD1602_BF_AC)
    [Anonymous Symbol]                       0x00000f14   Section        0  lcd1602.o(.text.LCD1602_Backlight)
    [Anonymous Symbol]                       0x00000f24   Section        0  lcd1602.o(.text.LCD1602_CheckAddress)
    [Anonymous Symbol]                       0x00000f4c   Section        0  lcd1602.o(.text.LCD1602_ClearAll)
    [Anonymous Symbol]                       0x00000f58   Section        0  lcd1602.o(.text.LCD1602_Init)
    __arm_cp.0_0                             0x00000fa0   Number         4  lcd1602.o(.text.LCD1602_Init)
    [Anonymous Symbol]                       0x00000fa4   Section        0  lcd1602.o(.text.LCD1602_PL_CH)
    __arm_cp.15_0                            0x00001048   Number         4  lcd1602.o(.text.LCD1602_PL_CH)
    __arm_cp.15_1                            0x0000104c   Number         4  lcd1602.o(.text.LCD1602_PL_CH)
    __arm_cp.15_2                            0x00001050   Number         4  lcd1602.o(.text.LCD1602_PL_CH)
    __arm_cp.15_3                            0x00001054   Number         4  lcd1602.o(.text.LCD1602_PL_CH)
    __arm_cp.15_4                            0x00001058   Number         4  lcd1602.o(.text.LCD1602_PL_CH)
    __arm_cp.15_5                            0x0000105c   Number         4  lcd1602.o(.text.LCD1602_PL_CH)
    __arm_cp.15_6                            0x00001060   Number         4  lcd1602.o(.text.LCD1602_PL_CH)
    __arm_cp.15_7                            0x00001064   Number         4  lcd1602.o(.text.LCD1602_PL_CH)
    [Anonymous Symbol]                       0x00001068   Section        0  lcd1602.o(.text.LCD1602_Print)
    [Anonymous Symbol]                       0x00001088   Section        0  lcd1602.o(.text.LCD1602_PrintPL)
    [Anonymous Symbol]                       0x00001110   Section        0  lcd1602.o(.text.LCD1602_SetCursor)
    [Anonymous Symbol]                       0x0000112e   Section        0  lcd1602.o(.text.LCD1602_Write4)
    [Anonymous Symbol]                       0x00001148   Section        0  lcd1602.o(.text.LCD1602_Write8)
    [Anonymous Symbol]                       0x00001170   Section        0  leds.o(.text.LED_Init)
    __arm_cp.0_0                             0x000011a8   Number         4  leds.o(.text.LED_Init)
    __arm_cp.0_1                             0x000011ac   Number         4  leds.o(.text.LED_Init)
    __arm_cp.0_2                             0x000011b0   Number         4  leds.o(.text.LED_Init)
    [Anonymous Symbol]                       0x000011b4   Section        0  lcd1602.o(.text.PCF8574_Write)
    __arm_cp.12_0                            0x000011d8   Number         4  lcd1602.o(.text.PCF8574_Write)
    __arm_cp.12_1                            0x000011dc   Number         4  lcd1602.o(.text.PCF8574_Write)
    [Anonymous Symbol]                       0x000011e0   Section        0  pir.o(.text.PIR_Detected)
    [Anonymous Symbol]                       0x000011ec   Section        0  pir.o(.text.PIR_Init)
    __arm_cp.0_0                             0x0000120c   Number         4  pir.o(.text.PIR_Init)
    __arm_cp.0_1                             0x00001210   Number         4  pir.o(.text.PIR_Init)
    __arm_cp.0_2                             0x00001214   Number         4  pir.o(.text.PIR_Init)
    [Anonymous Symbol]                       0x00001218   Section        0  main.o(.text.PORTA_IRQHandler)
    __arm_cp.0_0                             0x000012c0   Number         4  main.o(.text.PORTA_IRQHandler)
    __arm_cp.0_1                             0x000012c4   Number         4  main.o(.text.PORTA_IRQHandler)
    __arm_cp.0_2                             0x000012c8   Number         4  main.o(.text.PORTA_IRQHandler)
    [Anonymous Symbol]                       0x000012cc   Section        0  system_mkl05z4.o(.text.SystemInit)
    __arm_cp.0_0                             0x00001308   Number         4  system_mkl05z4.o(.text.SystemInit)
    __arm_cp.0_1                             0x0000130c   Number         4  system_mkl05z4.o(.text.SystemInit)
    __arm_cp.0_2                             0x00001310   Number         4  system_mkl05z4.o(.text.SystemInit)
    __arm_cp.0_3                             0x00001314   Number         4  system_mkl05z4.o(.text.SystemInit)
    __NVIC_ClearPendingIRQ                   0x00001319   Thumb Code    12  main.o(.text.__NVIC_ClearPendingIRQ)
    [Anonymous Symbol]                       0x00001318   Section        0  main.o(.text.__NVIC_ClearPendingIRQ)
    __NVIC_ClearPendingIRQ                   0x00001325   Thumb Code    12  klaw.o(.text.__NVIC_ClearPendingIRQ)
    [Anonymous Symbol]                       0x00001324   Section        0  klaw.o(.text.__NVIC_ClearPendingIRQ)
    __arm_cp.3_0                             0x00001330   Number         4  klaw.o(.text.__NVIC_ClearPendingIRQ)
    __NVIC_EnableIRQ                         0x00001335   Thumb Code    12  klaw.o(.text.__NVIC_EnableIRQ)
    [Anonymous Symbol]                       0x00001334   Section        0  klaw.o(.text.__NVIC_EnableIRQ)
    __arm_cp.4_0                             0x00001340   Number         4  klaw.o(.text.__NVIC_EnableIRQ)
    __NVIC_SetPriority                       0x00001345   Thumb Code    20  klaw.o(.text.__NVIC_SetPriority)
    [Anonymous Symbol]                       0x00001344   Section        0  klaw.o(.text.__NVIC_SetPriority)
    __arm_cp.2_0                             0x00001358   Number         4  klaw.o(.text.__NVIC_SetPriority)
    [Anonymous Symbol]                       0x0000135c   Section        0  main.o(.text.admin_mode_logic)
    __arm_cp.3_0                             0x00001454   Number         4  main.o(.text.admin_mode_logic)
    __arm_cp.3_3                             0x00001478   Number         4  main.o(.text.admin_mode_logic)
    __arm_cp.3_4                             0x0000147c   Number         4  main.o(.text.admin_mode_logic)
    __arm_cp.3_5                             0x00001480   Number         4  main.o(.text.admin_mode_logic)
    __arm_cp.3_6                             0x00001484   Number         4  main.o(.text.admin_mode_logic)
    __arm_cp.3_8                             0x0000149c   Number         4  main.o(.text.admin_mode_logic)
    [Anonymous Symbol]                       0x000014b0   Section        0  main.o(.text.check_admin_combination)
    __arm_cp.2_0                             0x0000151c   Number         4  main.o(.text.check_admin_combination)
    __arm_cp.2_1                             0x00001520   Number         4  main.o(.text.check_admin_combination)
    __arm_cp.2_2                             0x00001524   Number         4  main.o(.text.check_admin_combination)
    __arm_cp.2_3                             0x00001528   Number         4  main.o(.text.check_admin_combination)
    admin_code                               0x0000152c   Number         0  main.o(.text.check_admin_combination)
    __arm_cp.2_5                             0x00001530   Number         4  main.o(.text.check_admin_combination)
    [Anonymous Symbol]                       0x00001534   Section        0  main.o(.text.check_alarm_combination)
    __arm_cp.4_0                             0x00001668   Number         4  main.o(.text.check_alarm_combination)
    __arm_cp.4_1                             0x0000166c   Number         4  main.o(.text.check_alarm_combination)
    __arm_cp.4_2                             0x00001670   Number         4  main.o(.text.check_alarm_combination)
    __arm_cp.4_3                             0x00001674   Number         4  main.o(.text.check_alarm_combination)
    __arm_cp.4_4                             0x00001678   Number         4  main.o(.text.check_alarm_combination)
    __arm_cp.4_7                             0x0000169c   Number         4  main.o(.text.check_alarm_combination)
    __arm_cp.4_9                             0x000016b4   Number         4  main.o(.text.check_alarm_combination)
    __arm_cp.4_10                            0x000016b8   Number         4  main.o(.text.check_alarm_combination)
    __arm_cp.4_13                            0x000016dc   Number         4  main.o(.text.check_alarm_combination)
    __arm_cp.4_14                            0x000016e0   Number         4  main.o(.text.check_alarm_combination)
    __arm_cp.4_15                            0x000016e4   Number         4  main.o(.text.check_alarm_combination)
    __arm_cp.4_16                            0x000016e8   Number         4  main.o(.text.check_alarm_combination)
    __arm_cp.4_17                            0x000016ec   Number         4  main.o(.text.check_alarm_combination)
    __arm_cp.4_18                            0x000016f0   Number         4  main.o(.text.check_alarm_combination)
    [Anonymous Symbol]                       0x000016f4   Section        0  i2c.o(.text.i2c_ack)
    [Anonymous Symbol]                       0x00001700   Section        0  i2c.o(.text.i2c_clr_IICIF)
    [Anonymous Symbol]                       0x0000170c   Section        0  i2c.o(.text.i2c_disable)
    [Anonymous Symbol]                       0x00001718   Section        0  i2c.o(.text.i2c_enable)
    [Anonymous Symbol]                       0x00001724   Section        0  i2c.o(.text.i2c_m_rstart)
    __arm_cp.17_0                            0x00001738   Number         4  i2c.o(.text.i2c_m_rstart)
    [Anonymous Symbol]                       0x0000173c   Section        0  i2c.o(.text.i2c_m_start)
    [Anonymous Symbol]                       0x00001748   Section        0  i2c.o(.text.i2c_m_stop)
    [Anonymous Symbol]                       0x00001754   Section        0  i2c.o(.text.i2c_nack)
    [Anonymous Symbol]                       0x00001760   Section        0  i2c.o(.text.i2c_rec)
    [Anonymous Symbol]                       0x0000176c   Section        0  i2c.o(.text.i2c_recv)
    [Anonymous Symbol]                       0x00001774   Section        0  i2c.o(.text.i2c_send)
    __arm_cp.5_0                             0x0000177c   Number         4  i2c.o(.text.i2c_send)
    [Anonymous Symbol]                       0x00001780   Section        0  i2c.o(.text.i2c_tran)
    __arm_cp.3_0                             0x0000178c   Number         4  i2c.o(.text.i2c_tran)
    [Anonymous Symbol]                       0x00001790   Section        0  i2c.o(.text.i2c_wait)
    __arm_cp.6_0                             0x000017e0   Number         4  i2c.o(.text.i2c_wait)
    __arm_cp.6_1                             0x000017e4   Number         4  i2c.o(.text.i2c_wait)
    __arm_cp.6_2                             0x000017e8   Number         4  i2c.o(.text.i2c_wait)
    [Anonymous Symbol]                       0x000017ec   Section        0  main.o(.text.main)
    __arm_cp.5_2                             0x00001a44   Number         4  main.o(.text.main)
    __arm_cp.5_3                             0x00001a48   Number         4  main.o(.text.main)
    __arm_cp.5_4                             0x00001a4c   Number         4  main.o(.text.main)
    __arm_cp.5_5                             0x00001a50   Number         4  main.o(.text.main)
    __arm_cp.5_6                             0x00001a54   Number         4  main.o(.text.main)
    __arm_cp.5_7                             0x00001a58   Number         4  main.o(.text.main)
    __arm_cp.5_8                             0x00001a5c   Number         4  main.o(.text.main)
    __arm_cp.5_9                             0x00001a60   Number         4  main.o(.text.main)
    __arm_cp.5_10                            0x00001a64   Number         4  main.o(.text.main)
    __arm_cp.5_11                            0x00001a68   Number         4  main.o(.text.main)
    __arm_cp.5_12                            0x00001a6c   Number         4  main.o(.text.main)
    __arm_cp.5_13                            0x00001a70   Number         4  main.o(.text.main)
    __arm_cp.5_14                            0x00001a74   Number         4  main.o(.text.main)
    __arm_cp.5_15                            0x00001a78   Number         4  main.o(.text.main)
    i._dgr                                   0x00001ab0   Section        0  dcmp.o(i._dgr)
    i._dleq                                  0x00001ac6   Section        0  dcmp.o(i._dleq)
    x$fpl$dgeqf                              0x00001ae0   Section      100  dgef.o(x$fpl$dgeqf)
    x$fpl$dleqf                              0x00001b44   Section      100  dlef.o(x$fpl$dleqf)
    [Anonymous Symbol]                       0x00001ba8   Section        0  main.o(.rodata.str1.1)
    x$fpl$usenofp                            0x00001ba8   Section        0  usenofp.o(x$fpl$usenofp)
    code                                     0x1ffffc40   Data           3  main.o(.data.code)
    [Anonymous Symbol]                       0x1ffffc40   Section        0  main.o(.data.code)
    lcd_backlight                            0x1ffffc43   Data           1  lcd1602.o(.data.lcd_backlight)
    [Anonymous Symbol]                       0x1ffffc43   Section        0  lcd1602.o(.data.lcd_backlight)
    .bss                                     0x1ffffc48   Section       96  libspace.o(.bss)
    admin_index                              0x1ffffcc8   Data           1  main.o(.bss.admin_index)
    [Anonymous Symbol]                       0x1ffffcc8   Section        0  main.o(.bss.admin_index)
    arrayXYZ                                 0x1ffffccb   Data           6  main.o(.bss.arrayXYZ)
    [Anonymous Symbol]                       0x1ffffccb   Section        0  main.o(.bss.arrayXYZ)
    error                                    0x1ffffcf1   Data           1  i2c.o(.bss.error)
    [Anonymous Symbol]                       0x1ffffcf1   Section        0  i2c.o(.bss.error)
    input_index                              0x1ffffcf2   Data           1  main.o(.bss.input_index)
    [Anonymous Symbol]                       0x1ffffcf2   Section        0  main.o(.bss.input_index)
    pcf_address                              0x1ffffcf3   Data           1  lcd1602.o(.bss.pcf_address)
    [Anonymous Symbol]                       0x1ffffcf3   Section        0  lcd1602.o(.bss.pcf_address)
    status                                   0x1ffffcf4   Data           1  main.o(.bss.status)
    [Anonymous Symbol]                       0x1ffffcf4   Section        0  main.o(.bss.status)
    Heap_Mem                                 0x1ffffcf8   Data           0  startup_mkl05z4.o(HEAP)
    Stack_Mem                                0x1ffffcf8   Data         768  startup_mkl05z4.o(STACK)
    HEAP                                     0x1ffffcf8   Section        0  startup_mkl05z4.o(HEAP)
    STACK                                    0x1ffffcf8   Section      768  startup_mkl05z4.o(STACK)
    __initial_sp                             0x1ffffff8   Data           0  startup_mkl05z4.o(STACK)

    Global Symbols

    Symbol Name                              Value     Ov Type        Size  Object(Section)

    BuildAttributes$$THM_ISAv3M$S$PE$A:L22$X:L11$S22$IEEE1$IW$~IW$USESV6$~STKCKD$USESV7$~SHL$OTIME$ROPI$EBA8$UX$STANDARDLIB$REQ8$PRES8$EABIv2 0x00000000   Number         0  anon$$obj.o ABSOLUTE
    __Vectors                                0x00000000   Data           4  startup_mkl05z4.o(RESET)
    __ARM_exceptions_init                     - Undefined Weak Reference
    __alloca_initialize                       - Undefined Weak Reference
    __arm_preinit_                            - Undefined Weak Reference
    __cpp_initialize__aeabi_                  - Undefined Weak Reference
    __cxa_finalize                            - Undefined Weak Reference
    __rt_locale                               - Undefined Weak Reference
    __sigvec_lookup                           - Undefined Weak Reference
    _atexit_init                              - Undefined Weak Reference
    _call_atexit_fns                          - Undefined Weak Reference
    _clock_init                               - Undefined Weak Reference
    _fp_trap_init                             - Undefined Weak Reference
    _fp_trap_shutdown                         - Undefined Weak Reference
    _get_lc_collate                           - Undefined Weak Reference
    _get_lc_ctype                             - Undefined Weak Reference
    _get_lc_monetary                          - Undefined Weak Reference
    _get_lc_numeric                           - Undefined Weak Reference
    _get_lc_time                              - Undefined Weak Reference
    _getenv_init                              - Undefined Weak Reference
    _handle_redirection                       - Undefined Weak Reference
    _init_alloc                               - Undefined Weak Reference
    _init_user_alloc                          - Undefined Weak Reference
    _initio                                   - Undefined Weak Reference
    _printf_post_padding                      - Undefined Weak Reference
    _printf_pre_padding                       - Undefined Weak Reference
    _printf_truncate_signed                   - Undefined Weak Reference
    _printf_truncate_unsigned                 - Undefined Weak Reference
    _rand_init                                - Undefined Weak Reference
    _signal_finish                            - Undefined Weak Reference
    _signal_init                              - Undefined Weak Reference
    _terminate_alloc                          - Undefined Weak Reference
    _terminate_user_alloc                     - Undefined Weak Reference
    _terminateio                              - Undefined Weak Reference
    __Vectors_End                            0x000000c0   Data           0  startup_mkl05z4.o(RESET)
    __Vectors_Size                           0x000000c0   Number         0  startup_mkl05z4.o ABSOLUTE
    __main                                   0x000000c1   Thumb Code     8  __main.o(!!!main)
    __scatterload                            0x000000c9   Thumb Code     0  __scatter.o(!!!scatter)
    __scatterload_rt2                        0x000000c9   Thumb Code    52  __scatter.o(!!!scatter)
    __scatterload_rt2_thumb_only             0x000000c9   Thumb Code     0  __scatter.o(!!!scatter)
    __scatterload_null                       0x000000d9   Thumb Code     0  __scatter.o(!!!scatter)
    __scatterload_copy                       0x00000105   Thumb Code    26  __scatter_copy.o(!!handler_copy)
    __scatterload_zeroinit                   0x00000121   Thumb Code    28  __scatter_zi.o(!!handler_zi)
    _printf_percent                          0x0000013d   Thumb Code     0  _printf_percent.o(.ARM.Collect$$_printf_percent$$00000000)
    _printf_d                                0x0000013f   Thumb Code     0  _printf_d.o(.ARM.Collect$$_printf_percent$$00000009)
    _printf_percent_end                      0x00000149   Thumb Code     0  _printf_percent_end.o(.ARM.Collect$$_printf_percent$$00000017)
    __rt_lib_init                            0x0000014d   Thumb Code     0  libinit.o(.ARM.Collect$$libinit$$00000000)
    __rt_lib_init_alloca_1                   0x0000014f   Thumb Code     0  libinit2.o(.ARM.Collect$$libinit$$0000002E)
    __rt_lib_init_argv_1                     0x0000014f   Thumb Code     0  libinit2.o(.ARM.Collect$$libinit$$0000002C)
    __rt_lib_init_atexit_1                   0x0000014f   Thumb Code     0  libinit2.o(.ARM.Collect$$libinit$$0000001B)
    __rt_lib_init_clock_1                    0x0000014f   Thumb Code     0  libinit2.o(.ARM.Collect$$libinit$$00000021)
    __rt_lib_init_cpp_1                      0x0000014f   Thumb Code     0  libinit2.o(.ARM.Collect$$libinit$$00000032)
    __rt_lib_init_exceptions_1               0x0000014f   Thumb Code     0  libinit2.o(.ARM.Collect$$libinit$$00000030)
    __rt_lib_init_fp_1                       0x0000014f   Thumb Code     0  libinit2.o(.ARM.Collect$$libinit$$00000002)
    __rt_lib_init_fp_trap_1                  0x0000014f   Thumb Code     0  libinit2.o(.ARM.Collect$$libinit$$0000001F)
    __rt_lib_init_getenv_1                   0x0000014f   Thumb Code     0  libinit2.o(.ARM.Collect$$libinit$$00000023)
    __rt_lib_init_heap_1                     0x0000014f   Thumb Code     0  libinit2.o(.ARM.Collect$$libinit$$0000000A)
    __rt_lib_init_lc_collate_1               0x0000014f   Thumb Code     0  libinit2.o(.ARM.Collect$$libinit$$00000011)
    __rt_lib_init_lc_ctype_1                 0x0000014f   Thumb Code     0  libinit2.o(.ARM.Collect$$libinit$$00000013)
    __rt_lib_init_lc_monetary_1              0x0000014f   Thumb Code     0  libinit2.o(.ARM.Collect$$libinit$$00000015)
    __rt_lib_init_lc_numeric_1               0x0000014f   Thumb Code     0  libinit2.o(.ARM.Collect$$libinit$$00000017)
    __rt_lib_init_lc_time_1                  0x0000014f   Thumb Code     0  libinit2.o(.ARM.Collect$$libinit$$00000019)
    __rt_lib_init_preinit_1                  0x0000014f   Thumb Code     0  libinit2.o(.ARM.Collect$$libinit$$00000004)
    __rt_lib_init_rand_1                     0x0000014f   Thumb Code     0  libinit2.o(.ARM.Collect$$libinit$$0000000E)
    __rt_lib_init_return                     0x0000014f   Thumb Code     0  libinit2.o(.ARM.Collect$$libinit$$00000033)
    __rt_lib_init_signal_1                   0x0000014f   Thumb Code     0  libinit2.o(.ARM.Collect$$libinit$$0000001D)
    __rt_lib_init_stdio_1                    0x0000014f   Thumb Code     0  libinit2.o(.ARM.Collect$$libinit$$00000025)
    __rt_lib_init_user_alloc_1               0x0000014f   Thumb Code     0  libinit2.o(.ARM.Collect$$libinit$$0000000C)
    __rt_lib_shutdown                        0x00000151   Thumb Code     0  libshutdown.o(.ARM.Collect$$libshutdown$$00000000)
    __rt_lib_shutdown_cpp_1                  0x00000153   Thumb Code     0  libshutdown2.o(.ARM.Collect$$libshutdown$$00000002)
    __rt_lib_shutdown_fp_trap_1              0x00000153   Thumb Code     0  libshutdown2.o(.ARM.Collect$$libshutdown$$00000007)
    __rt_lib_shutdown_heap_1                 0x00000153   Thumb Code     0  libshutdown2.o(.ARM.Collect$$libshutdown$$0000000F)
    __rt_lib_shutdown_return                 0x00000153   Thumb Code     0  libshutdown2.o(.ARM.Collect$$libshutdown$$00000010)
    __rt_lib_shutdown_signal_1               0x00000153   Thumb Code     0  libshutdown2.o(.ARM.Collect$$libshutdown$$0000000A)
    __rt_lib_shutdown_stdio_1                0x00000153   Thumb Code     0  libshutdown2.o(.ARM.Collect$$libshutdown$$00000004)
    __rt_lib_shutdown_user_alloc_1           0x00000153   Thumb Code     0  libshutdown2.o(.ARM.Collect$$libshutdown$$0000000C)
    __rt_entry                               0x00000155   Thumb Code     0  __rtentry.o(.ARM.Collect$$rtentry$$00000000)
    __rt_entry_presh_1                       0x00000155   Thumb Code     0  __rtentry2.o(.ARM.Collect$$rtentry$$00000002)
    __rt_entry_sh                            0x00000155   Thumb Code     0  __rtentry4.o(.ARM.Collect$$rtentry$$00000004)
    __rt_entry_li                            0x0000015b   Thumb Code     0  __rtentry2.o(.ARM.Collect$$rtentry$$0000000A)
    __rt_entry_postsh_1                      0x0000015b   Thumb Code     0  __rtentry2.o(.ARM.Collect$$rtentry$$00000009)
    __rt_entry_main                          0x0000015f   Thumb Code     0  __rtentry2.o(.ARM.Collect$$rtentry$$0000000D)
    __rt_entry_postli_1                      0x0000015f   Thumb Code     0  __rtentry2.o(.ARM.Collect$$rtentry$$0000000C)
    __rt_exit                                0x00000167   Thumb Code     0  rtexit.o(.ARM.Collect$$rtexit$$00000000)
    __rt_exit_ls                             0x00000169   Thumb Code     0  rtexit2.o(.ARM.Collect$$rtexit$$00000003)
    __rt_exit_prels_1                        0x00000169   Thumb Code     0  rtexit2.o(.ARM.Collect$$rtexit$$00000002)
    __rt_exit_exit                           0x0000016d   Thumb Code     0  rtexit2.o(.ARM.Collect$$rtexit$$00000004)
    Reset_Handler                            0x00000175   Thumb Code     8  startup_mkl05z4.o(.text)
    NMI_Handler                              0x0000017d   Thumb Code     2  startup_mkl05z4.o(.text)
    HardFault_Handler                        0x0000017f   Thumb Code     2  startup_mkl05z4.o(.text)
    SVC_Handler                              0x00000181   Thumb Code     2  startup_mkl05z4.o(.text)
    PendSV_Handler                           0x00000183   Thumb Code     2  startup_mkl05z4.o(.text)
    SysTick_Handler                          0x00000185   Thumb Code     2  startup_mkl05z4.o(.text)
    ADC0_IRQHandler                          0x00000187   Thumb Code     0  startup_mkl05z4.o(.text)
    CMP0_IRQHandler                          0x00000187   Thumb Code     0  startup_mkl05z4.o(.text)
    DAC0_IRQHandler                          0x00000187   Thumb Code     0  startup_mkl05z4.o(.text)
    DMA0_IRQHandler                          0x00000187   Thumb Code     0  startup_mkl05z4.o(.text)
    DMA1_IRQHandler                          0x00000187   Thumb Code     0  startup_mkl05z4.o(.text)
    DMA2_IRQHandler                          0x00000187   Thumb Code     0  startup_mkl05z4.o(.text)
    DMA3_IRQHandler                          0x00000187   Thumb Code     0  startup_mkl05z4.o(.text)
    DefaultISR                               0x00000187   Thumb Code     0  startup_mkl05z4.o(.text)
    FTFA_IRQHandler                          0x00000187   Thumb Code     0  startup_mkl05z4.o(.text)
    I2C0_IRQHandler                          0x00000187   Thumb Code     0  startup_mkl05z4.o(.text)
    LLW_IRQHandler                           0x00000187   Thumb Code     0  startup_mkl05z4.o(.text)
    LPTimer_IRQHandler                       0x00000187   Thumb Code     0  startup_mkl05z4.o(.text)
    LVD_LVW_IRQHandler                       0x00000187   Thumb Code     0  startup_mkl05z4.o(.text)
    MCG_IRQHandler                           0x00000187   Thumb Code     0  startup_mkl05z4.o(.text)
    PIT_IRQHandler                           0x00000187   Thumb Code     0  startup_mkl05z4.o(.text)
    PORTB_IRQHandler                         0x00000187   Thumb Code     0  startup_mkl05z4.o(.text)
    RTC_IRQHandler                           0x00000187   Thumb Code     0  startup_mkl05z4.o(.text)
    RTC_Seconds_IRQHandler                   0x00000187   Thumb Code     0  startup_mkl05z4.o(.text)
    Reserved20_IRQHandler                    0x00000187   Thumb Code     0  startup_mkl05z4.o(.text)
    Reserved25_IRQHandler                    0x00000187   Thumb Code     0  startup_mkl05z4.o(.text)
    Reserved27_IRQHandler                    0x00000187   Thumb Code     0  startup_mkl05z4.o(.text)
    Reserved29_IRQHandler                    0x00000187   Thumb Code     0  startup_mkl05z4.o(.text)
    Reserved30_IRQHandler                    0x00000187   Thumb Code     0  startup_mkl05z4.o(.text)
    Reserved35_IRQHandler                    0x00000187   Thumb Code     0  startup_mkl05z4.o(.text)
    Reserved39_IRQHandler                    0x00000187   Thumb Code     0  startup_mkl05z4.o(.text)
    Reserved40_IRQHandler                    0x00000187   Thumb Code     0  startup_mkl05z4.o(.text)
    Reserved45_IRQHandler                    0x00000187   Thumb Code     0  startup_mkl05z4.o(.text)
    SPI0_IRQHandler                          0x00000187   Thumb Code     0  startup_mkl05z4.o(.text)
    TPM0_IRQHandler                          0x00000187   Thumb Code     0  startup_mkl05z4.o(.text)
    TPM1_IRQHandler                          0x00000187   Thumb Code     0  startup_mkl05z4.o(.text)
    TSI0_IRQHandler                          0x00000187   Thumb Code     0  startup_mkl05z4.o(.text)
    UART0_IRQHandler                         0x00000187   Thumb Code     0  startup_mkl05z4.o(.text)
    __user_initial_stackheap                 0x00000189   Thumb Code     0  startup_mkl05z4.o(.text)
    __2snprintf                              0x000001a9   Thumb Code    50  noretval__2snprintf.o(.text)
    __printf                                 0x000001e1   Thumb Code   108  __printf.o(.text)
    _printf_int_dec                          0x0000024d   Thumb Code    90  _printf_dec.o(.text)
    __use_two_region_memory                  0x000002b9   Thumb Code     2  heapauxi.o(.text)
    __rt_heap_escrow$2region                 0x000002bb   Thumb Code     2  heapauxi.o(.text)
    __rt_heap_expand$2region                 0x000002bd   Thumb Code     2  heapauxi.o(.text)
    __aeabi_i2d_normalise                    0x000002bf   Thumb Code    66  dflti.o(.text)
    __aeabi_i2d                              0x00000301   Thumb Code    16  dflti.o(.text)
    _dflt                                    0x00000301   Thumb Code     0  dflti.o(.text)
    __aeabi_ui2d                             0x00000311   Thumb Code     6  dflti.o(.text)
    _dfltu                                   0x00000311   Thumb Code     0  dflti.o(.text)
    _printf_int_common                       0x00000317   Thumb Code   176  _printf_intcommon.o(.text)
    _printf_char_common                      0x000003d3   Thumb Code    32  _printf_char_common.o(.text)
    __user_libspace                          0x000003f9   Thumb Code     8  libspace.o(.text)
    __user_perproc_libspace                  0x000003f9   Thumb Code     0  libspace.o(.text)
    __user_perthread_libspace                0x000003f9   Thumb Code     0  libspace.o(.text)
    __aeabi_dadd                             0x00000709   Thumb Code     0  daddsub.o(.text)
    _dadd                                    0x00000709   Thumb Code    26  daddsub.o(.text)
    __aeabi_dsub                             0x00000723   Thumb Code     0  daddsub.o(.text)
    _dsub                                    0x00000723   Thumb Code    22  daddsub.o(.text)
    __aeabi_drsub                            0x00000739   Thumb Code     0  daddsub.o(.text)
    _drsb                                    0x00000739   Thumb Code    28  daddsub.o(.text)
    __aeabi_dmul                             0x00000769   Thumb Code     0  dmul.o(.text)
    _dmul                                    0x00000769   Thumb Code   558  dmul.o(.text)
    _sputc                                   0x000009b1   Thumb Code    10  _sputc.o(.text)
    _snputc                                  0x000009bb   Thumb Code    16  _snputc.o(.text)
    __rt_udiv10                              0x000009cb   Thumb Code    40  rtudiv10.o(.text)
    __fpl_dcmp_InfNaN                        0x000009f5   Thumb Code   154  dcmpin.o(.text)
    __user_setup_stackheap                   0x00000a95   Thumb Code    62  sys_stackheap_outer.o(.text)
    exit                                     0x00000ad3   Thumb Code    16  exit.o(.text)
    __fpl_cmpreturn                          0x00000ae3   Thumb Code    46  cmpret.o(.text)
    __fpl_dcheck_NaN2                        0x00000b11   Thumb Code    14  dnan2.o(.text)
    __fpl_return_NaN                         0x00000b25   Thumb Code    94  retnan.o(.text)
    _sys_exit                                0x00000b85   Thumb Code     8  sys_exit.o(.text)
    __I$use$semihosting                      0x00000b91   Thumb Code     0  use_no_semi.o(.text)
    __use_no_semihosting_swi                 0x00000b91   Thumb Code     2  use_no_semi.o(.text)
    __semihosting_library_function           0x00000b93   Thumb Code     0  indicate_semi.o(.text)
    I2C_Init                                 0x00000b95   Thumb Code    64  i2c.o(.text.I2C_Init)
    I2C_Read                                 0x00000be1   Thumb Code    76  i2c.o(.text.I2C_Read)
    I2C_ReadReg                              0x00000c2d   Thumb Code   112  i2c.o(.text.I2C_ReadReg)
    I2C_ReadRegBlock                         0x00000c9d   Thumb Code   168  i2c.o(.text.I2C_ReadRegBlock)
    I2C_Write                                0x00000d49   Thumb Code    60  i2c.o(.text.I2C_Write)
    I2C_WriteReg                             0x00000d85   Thumb Code    76  i2c.o(.text.I2C_WriteReg)
    Klaw_Init                                0x00000dd5   Thumb Code    68  klaw.o(.text.Klaw_Init)
    Klaw_S1_4_Int                            0x00000e19   Thumb Code    48  klaw.o(.text.Klaw_S1_4_Int)
    LCD1602_BF_AC                            0x00000e4d   Thumb Code   200  lcd1602.o(.text.LCD1602_BF_AC)
    LCD1602_Backlight                        0x00000f15   Thumb Code    16  lcd1602.o(.text.LCD1602_Backlight)
    LCD1602_CheckAddress                     0x00000f25   Thumb Code    40  lcd1602.o(.text.LCD1602_CheckAddress)
    LCD1602_ClearAll                         0x00000f4d   Thumb Code    12  lcd1602.o(.text.LCD1602_ClearAll)
    LCD1602_Init                             0x00000f59   Thumb Code    72  lcd1602.o(.text.LCD1602_Init)
    LCD1602_PL_CH                            0x00000fa5   Thumb Code   164  lcd1602.o(.text.LCD1602_PL_CH)
    LCD1602_Print                            0x00001069   Thumb Code    32  lcd1602.o(.text.LCD1602_Print)
    LCD1602_PrintPL                          0x00001089   Thumb Code   136  lcd1602.o(.text.LCD1602_PrintPL)
    LCD1602_SetCursor                        0x00001111   Thumb Code    30  lcd1602.o(.text.LCD1602_SetCursor)
    LCD1602_Write4                           0x0000112f   Thumb Code    26  lcd1602.o(.text.LCD1602_Write4)
    LCD1602_Write8                           0x00001149   Thumb Code    40  lcd1602.o(.text.LCD1602_Write8)
    LED_Init                                 0x00001171   Thumb Code    56  leds.o(.text.LED_Init)
    PCF8574_Write                            0x000011b5   Thumb Code    36  lcd1602.o(.text.PCF8574_Write)
    PIR_Detected                             0x000011e1   Thumb Code    12  pir.o(.text.PIR_Detected)
    PIR_Init                                 0x000011ed   Thumb Code    32  pir.o(.text.PIR_Init)
    PORTA_IRQHandler                         0x00001219   Thumb Code   168  main.o(.text.PORTA_IRQHandler)
    SystemInit                               0x000012cd   Thumb Code    60  system_mkl05z4.o(.text.SystemInit)
    admin_mode_logic                         0x0000135d   Thumb Code   248  main.o(.text.admin_mode_logic)
    check_admin_combination                  0x000014b1   Thumb Code   108  main.o(.text.check_admin_combination)
    check_alarm_combination                  0x00001535   Thumb Code   308  main.o(.text.check_alarm_combination)
    i2c_ack                                  0x000016f5   Thumb Code    12  i2c.o(.text.i2c_ack)
    i2c_clr_IICIF                            0x00001701   Thumb Code    12  i2c.o(.text.i2c_clr_IICIF)
    i2c_disable                              0x0000170d   Thumb Code    12  i2c.o(.text.i2c_disable)
    i2c_enable                               0x00001719   Thumb Code    12  i2c.o(.text.i2c_enable)
    i2c_m_rstart                             0x00001725   Thumb Code    20  i2c.o(.text.i2c_m_rstart)
    i2c_m_start                              0x0000173d   Thumb Code    12  i2c.o(.text.i2c_m_start)
    i2c_m_stop                               0x00001749   Thumb Code    12  i2c.o(.text.i2c_m_stop)
    i2c_nack                                 0x00001755   Thumb Code    12  i2c.o(.text.i2c_nack)
    i2c_rec                                  0x00001761   Thumb Code    12  i2c.o(.text.i2c_rec)
    i2c_recv                                 0x0000176d   Thumb Code     8  i2c.o(.text.i2c_recv)
    i2c_send                                 0x00001775   Thumb Code     8  i2c.o(.text.i2c_send)
    i2c_tran                                 0x00001781   Thumb Code    12  i2c.o(.text.i2c_tran)
    i2c_wait                                 0x00001791   Thumb Code    80  i2c.o(.text.i2c_wait)
    main                                     0x000017ed   Thumb Code   568  main.o(.text.main)
    __aeabi_dcmpgt                           0x00001ab1   Thumb Code     0  dcmp.o(i._dgr)
    _dgr                                     0x00001ab1   Thumb Code    22  dcmp.o(i._dgr)
    __aeabi_dcmple                           0x00001ac7   Thumb Code     0  dcmp.o(i._dleq)
    _dleq                                    0x00001ac7   Thumb Code    26  dcmp.o(i._dleq)
    _dcmpge                                  0x00001ae1   Thumb Code    94  dgef.o(x$fpl$dgeqf)
    __aeabi_cdcmple                          0x00001b45   Thumb Code     0  dlef.o(x$fpl$dleqf)
    _dcmple                                  0x00001b45   Thumb Code    94  dlef.o(x$fpl$dleqf)
    __I$use$fp                               0x00001ba8   Number         0  usenofp.o(x$fpl$usenofp)
    Region$$Table$$Base                      0x00001bcc   Number         0  anon$$obj.o(Region$$Table)
    Region$$Table$$Limit                     0x00001bec   Number         0  anon$$obj.o(Region$$Table)
    PL_CH_a_                                 0x1ffffc00   Data           8  lcd1602.o(.data.PL_CH_a_)
    PL_CH_c_                                 0x1ffffc08   Data           8  lcd1602.o(.data.PL_CH_c_)
    PL_CH_e_                                 0x1ffffc10   Data           8  lcd1602.o(.data.PL_CH_e_)
    PL_CH_l_                                 0x1ffffc18   Data           8  lcd1602.o(.data.PL_CH_l_)
    PL_CH_n_                                 0x1ffffc20   Data           8  lcd1602.o(.data.PL_CH_n_)
    PL_CH_o_                                 0x1ffffc28   Data           8  lcd1602.o(.data.PL_CH_o_)
    PL_CH_s_                                 0x1ffffc30   Data           8  lcd1602.o(.data.PL_CH_s_)
    PL_CH_z_                                 0x1ffffc38   Data           8  lcd1602.o(.data.PL_CH_z_)
    __libspace_start                         0x1ffffc48   Data          96  libspace.o(.bss)
    S2_press                                 0x1ffffca8   Data           1  main.o(.bss.S2_press)
    __temporary_stack_top$libspace           0x1ffffca8   Data           0  libspace.o(.bss)
    S3_press                                 0x1ffffca9   Data           1  main.o(.bss.S3_press)
    S4_press                                 0x1ffffcaa   Data           1  main.o(.bss.S4_press)
    X                                        0x1ffffcb0   Data           8  main.o(.bss.X)
    Y                                        0x1ffffcb8   Data           8  main.o(.bss.Y)
    Z                                        0x1ffffcc0   Data           8  main.o(.bss.Z)
    admin_mode                               0x1ffffcc9   Data           1  main.o(.bss.admin_mode)
    alarm_armed                              0x1ffffcca   Data           1  main.o(.bss.alarm_armed)
    baseX                                    0x1ffffcd8   Data           8  main.o(.bss.baseX)
    baseY                                    0x1ffffce0   Data           8  main.o(.bss.baseY)
    baseZ                                    0x1ffffce8   Data           8  main.o(.bss.baseZ)
    dummy                                    0x1ffffcf0   Data           1  i2c.o(.bss.dummy)



==============================================================================

Memory Map of the image

  Image Entry point : 0x000000c1

  Load Region LR_IROM1 (Base: 0x00000000, Size: 0x00001c38, Max: 0x00008000, ABSOLUTE)

    Execution Region ER_IROM1 (Exec base: 0x00000000, Load base: 0x00000000, Size: 0x00001bec, Max: 0x00008000, ABSOLUTE)

    Exec Addr    Load Addr    Size         Type   Attr      Idx    E Section Name        Object

    0x00000000   0x00000000   0x000000c0   Data   RO          180    RESET               startup_mkl05z4.o
    0x000000c0   0x000000c0   0x00000008   Code   RO          245  * !!!main             c_p.l(__main.o)
    0x000000c8   0x000000c8   0x0000003c   Code   RO          466    !!!scatter          c_p.l(__scatter.o)
    0x00000104   0x00000104   0x0000001a   Code   RO          468    !!handler_copy      c_p.l(__scatter_copy.o)
    0x0000011e   0x0000011e   0x00000002   PAD
    0x00000120   0x00000120   0x0000001c   Code   RO          470    !!handler_zi        c_p.l(__scatter_zi.o)
    0x0000013c   0x0000013c   0x00000002   Code   RO          234    .ARM.Collect$$_printf_percent$$00000000  c_p.l(_printf_percent.o)
    0x0000013e   0x0000013e   0x0000000a   Code   RO          233    .ARM.Collect$$_printf_percent$$00000009  c_p.l(_printf_d.o)
    0x00000148   0x00000148   0x00000004   Code   RO          278    .ARM.Collect$$_printf_percent$$00000017  c_p.l(_printf_percent_end.o)
    0x0000014c   0x0000014c   0x00000002   Code   RO          323    .ARM.Collect$$libinit$$00000000  c_p.l(libinit.o)
    0x0000014e   0x0000014e   0x00000000   Code   RO          341    .ARM.Collect$$libinit$$00000002  c_p.l(libinit2.o)
    0x0000014e   0x0000014e   0x00000000   Code   RO          343    .ARM.Collect$$libinit$$00000004  c_p.l(libinit2.o)
    0x0000014e   0x0000014e   0x00000000   Code   RO          346    .ARM.Collect$$libinit$$0000000A  c_p.l(libinit2.o)
    0x0000014e   0x0000014e   0x00000000   Code   RO          348    .ARM.Collect$$libinit$$0000000C  c_p.l(libinit2.o)
    0x0000014e   0x0000014e   0x00000000   Code   RO          350    .ARM.Collect$$libinit$$0000000E  c_p.l(libinit2.o)
    0x0000014e   0x0000014e   0x00000000   Code   RO          353    .ARM.Collect$$libinit$$00000011  c_p.l(libinit2.o)
    0x0000014e   0x0000014e   0x00000000   Code   RO          355    .ARM.Collect$$libinit$$00000013  c_p.l(libinit2.o)
    0x0000014e   0x0000014e   0x00000000   Code   RO          357    .ARM.Collect$$libinit$$00000015  c_p.l(libinit2.o)
    0x0000014e   0x0000014e   0x00000000   Code   RO          359    .ARM.Collect$$libinit$$00000017  c_p.l(libinit2.o)
    0x0000014e   0x0000014e   0x00000000   Code   RO          361    .ARM.Collect$$libinit$$00000019  c_p.l(libinit2.o)
    0x0000014e   0x0000014e   0x00000000   Code   RO          363    .ARM.Collect$$libinit$$0000001B  c_p.l(libinit2.o)
    0x0000014e   0x0000014e   0x00000000   Code   RO          365    .ARM.Collect$$libinit$$0000001D  c_p.l(libinit2.o)
    0x0000014e   0x0000014e   0x00000000   Code   RO          367    .ARM.Collect$$libinit$$0000001F  c_p.l(libinit2.o)
    0x0000014e   0x0000014e   0x00000000   Code   RO          369    .ARM.Collect$$libinit$$00000021  c_p.l(libinit2.o)
    0x0000014e   0x0000014e   0x00000000   Code   RO          371    .ARM.Collect$$libinit$$00000023  c_p.l(libinit2.o)
    0x0000014e   0x0000014e   0x00000000   Code   RO          373    .ARM.Collect$$libinit$$00000025  c_p.l(libinit2.o)
    0x0000014e   0x0000014e   0x00000000   Code   RO          377    .ARM.Collect$$libinit$$0000002C  c_p.l(libinit2.o)
    0x0000014e   0x0000014e   0x00000000   Code   RO          379    .ARM.Collect$$libinit$$0000002E  c_p.l(libinit2.o)
    0x0000014e   0x0000014e   0x00000000   Code   RO          381    .ARM.Collect$$libinit$$00000030  c_p.l(libinit2.o)
    0x0000014e   0x0000014e   0x00000000   Code   RO          383    .ARM.Collect$$libinit$$00000032  c_p.l(libinit2.o)
    0x0000014e   0x0000014e   0x00000002   Code   RO          384    .ARM.Collect$$libinit$$00000033  c_p.l(libinit2.o)
    0x00000150   0x00000150   0x00000002   Code   RO          421    .ARM.Collect$$libshutdown$$00000000  c_p.l(libshutdown.o)
    0x00000152   0x00000152   0x00000000   Code   RO          449    .ARM.Collect$$libshutdown$$00000002  c_p.l(libshutdown2.o)
    0x00000152   0x00000152   0x00000000   Code   RO          451    .ARM.Collect$$libshutdown$$00000004  c_p.l(libshutdown2.o)
    0x00000152   0x00000152   0x00000000   Code   RO          454    .ARM.Collect$$libshutdown$$00000007  c_p.l(libshutdown2.o)
    0x00000152   0x00000152   0x00000000   Code   RO          457    .ARM.Collect$$libshutdown$$0000000A  c_p.l(libshutdown2.o)
    0x00000152   0x00000152   0x00000000   Code   RO          459    .ARM.Collect$$libshutdown$$0000000C  c_p.l(libshutdown2.o)
    0x00000152   0x00000152   0x00000000   Code   RO          462    .ARM.Collect$$libshutdown$$0000000F  c_p.l(libshutdown2.o)
    0x00000152   0x00000152   0x00000002   Code   RO          463    .ARM.Collect$$libshutdown$$00000010  c_p.l(libshutdown2.o)
    0x00000154   0x00000154   0x00000000   Code   RO          265    .ARM.Collect$$rtentry$$00000000  c_p.l(__rtentry.o)
    0x00000154   0x00000154   0x00000000   Code   RO          289    .ARM.Collect$$rtentry$$00000002  c_p.l(__rtentry2.o)
    0x00000154   0x00000154   0x00000006   Code   RO          301    .ARM.Collect$$rtentry$$00000004  c_p.l(__rtentry4.o)
    0x0000015a   0x0000015a   0x00000000   Code   RO          291    .ARM.Collect$$rtentry$$00000009  c_p.l(__rtentry2.o)
    0x0000015a   0x0000015a   0x00000004   Code   RO          292    .ARM.Collect$$rtentry$$0000000A  c_p.l(__rtentry2.o)
    0x0000015e   0x0000015e   0x00000000   Code   RO          294    .ARM.Collect$$rtentry$$0000000C  c_p.l(__rtentry2.o)
    0x0000015e   0x0000015e   0x00000008   Code   RO          295    .ARM.Collect$$rtentry$$0000000D  c_p.l(__rtentry2.o)
    0x00000166   0x00000166   0x00000002   Code   RO          332    .ARM.Collect$$rtexit$$00000000  c_p.l(rtexit.o)
    0x00000168   0x00000168   0x00000000   Code   RO          392    .ARM.Collect$$rtexit$$00000002  c_p.l(rtexit2.o)
    0x00000168   0x00000168   0x00000004   Code   RO          393    .ARM.Collect$$rtexit$$00000003  c_p.l(rtexit2.o)
    0x0000016c   0x0000016c   0x00000006   Code   RO          394    .ARM.Collect$$rtexit$$00000004  c_p.l(rtexit2.o)
    0x00000172   0x00000172   0x00000002   PAD
    0x00000174   0x00000174   0x00000034   Code   RO          182    .text               startup_mkl05z4.o
    0x000001a8   0x000001a8   0x00000038   Code   RO          207    .text               c_p.l(noretval__2snprintf.o)
    0x000001e0   0x000001e0   0x0000006c   Code   RO          209    .text               c_p.l(__printf.o)
    0x0000024c   0x0000024c   0x0000006c   Code   RO          211    .text               c_p.l(_printf_dec.o)
    0x000002b8   0x000002b8   0x00000006   Code   RO          243    .text               c_p.l(heapauxi.o)
    0x000002be   0x000002be   0x00000058   Code   RO          261    .text               fz_ps.l(dflti.o)
    0x00000316   0x00000316   0x000000b0   Code   RO          270    .text               c_p.l(_printf_intcommon.o)
    0x000003c6   0x000003c6   0x00000002   PAD
    0x000003c8   0x000003c8   0x00000030   Code   RO          272    .text               c_p.l(_printf_char_common.o)
    0x000003f8   0x000003f8   0x00000008   Code   RO          328    .text               c_p.l(libspace.o)
    0x00000400   0x00000400   0x00000010   Code   RO          181    .ARM.__at_0x400     startup_mkl05z4.o
    0x00000410   0x00000410   0x00000358   Code   RO          247    .text               fz_ps.l(daddsub.o)
    0x00000768   0x00000768   0x00000248   Code   RO          263    .text               fz_ps.l(dmul.o)
    0x000009b0   0x000009b0   0x0000000a   Code   RO          274    .text               c_p.l(_sputc.o)
    0x000009ba   0x000009ba   0x00000010   Code   RO          276    .text               c_p.l(_snputc.o)
    0x000009ca   0x000009ca   0x00000028   Code   RO          279    .text               c_p.l(rtudiv10.o)
    0x000009f2   0x000009f2   0x00000002   PAD
    0x000009f4   0x000009f4   0x000000a0   Code   RO          307    .text               fz_ps.l(dcmpin.o)
    0x00000a94   0x00000a94   0x0000003e   Code   RO          309    .text               c_p.l(sys_stackheap_outer.o)
    0x00000ad2   0x00000ad2   0x00000010   Code   RO          312    .text               c_p.l(exit.o)
    0x00000ae2   0x00000ae2   0x0000002e   Code   RO          324    .text               fz_ps.l(cmpret.o)
    0x00000b10   0x00000b10   0x00000014   Code   RO          326    .text               fz_ps.l(dnan2.o)
    0x00000b24   0x00000b24   0x0000005e   Code   RO          385    .text               fz_ps.l(retnan.o)
    0x00000b82   0x00000b82   0x00000002   PAD
    0x00000b84   0x00000b84   0x0000000c   Code   RO          387    .text               c_p.l(sys_exit.o)
    0x00000b90   0x00000b90   0x00000002   Code   RO          410    .text               c_p.l(use_no_semi.o)
    0x00000b92   0x00000b92   0x00000000   Code   RO          412    .text               c_p.l(indicate_semi.o)
    0x00000b92   0x00000b92   0x00000002   PAD
    0x00000b94   0x00000b94   0x0000004c   Code   RO            2    .text.I2C_Init      i2c.o
    0x00000be0   0x00000be0   0x0000004c   Code   RO           22    .text.I2C_Read      i2c.o
    0x00000c2c   0x00000c2c   0x00000070   Code   RO           32    .text.I2C_ReadReg   i2c.o
    0x00000c9c   0x00000c9c   0x000000ac   Code   RO           38    .text.I2C_ReadRegBlock  i2c.o
    0x00000d48   0x00000d48   0x0000003c   Code   RO           20    .text.I2C_Write     i2c.o
    0x00000d84   0x00000d84   0x00000050   Code   RO           30    .text.I2C_WriteReg  i2c.o
    0x00000dd4   0x00000dd4   0x00000044   Code   RO          151    .text.Klaw_Init     klaw.o
    0x00000e18   0x00000e18   0x00000034   Code   RO          153    .text.Klaw_S1_4_Int  klaw.o
    0x00000e4c   0x00000e4c   0x000000c8   Code   RO           80    .text.LCD1602_BF_AC  lcd1602.o
    0x00000f14   0x00000f14   0x00000010   Code   RO           74    .text.LCD1602_Backlight  lcd1602.o
    0x00000f24   0x00000f24   0x00000028   Code   RO           54    .text.LCD1602_CheckAddress  lcd1602.o
    0x00000f4c   0x00000f4c   0x0000000c   Code   RO           66    .text.LCD1602_ClearAll  lcd1602.o
    0x00000f58   0x00000f58   0x0000004c   Code   RO           52    .text.LCD1602_Init  lcd1602.o
    0x00000fa4   0x00000fa4   0x000000c4   Code   RO           82    .text.LCD1602_PL_CH  lcd1602.o
    0x00001068   0x00001068   0x00000020   Code   RO           68    .text.LCD1602_Print  lcd1602.o
    0x00001088   0x00001088   0x00000088   Code   RO           84    .text.LCD1602_PrintPL  lcd1602.o
    0x00001110   0x00001110   0x0000001e   Code   RO           64    .text.LCD1602_SetCursor  lcd1602.o
    0x0000112e   0x0000112e   0x0000001a   Code   RO           78    .text.LCD1602_Write4  lcd1602.o
    0x00001148   0x00001148   0x00000028   Code   RO           56    .text.LCD1602_Write8  lcd1602.o
    0x00001170   0x00001170   0x00000044   Code   RO          105    .text.LED_Init      leds.o
    0x000011b4   0x000011b4   0x0000002c   Code   RO           76    .text.PCF8574_Write  lcd1602.o
    0x000011e0   0x000011e0   0x0000000c   Code   RO          170    .text.PIR_Detected  pir.o
    0x000011ec   0x000011ec   0x0000002c   Code   RO          168    .text.PIR_Init      pir.o
    0x00001218   0x00001218   0x000000b4   Code   RO          113    .text.PORTA_IRQHandler  main.o
    0x000012cc   0x000012cc   0x0000004c   Code   RO          191    .text.SystemInit    system_mkl05z4.o
    0x00001318   0x00001318   0x0000000c   Code   RO          115    .text.__NVIC_ClearPendingIRQ  main.o
    0x00001324   0x00001324   0x00000010   Code   RO          157    .text.__NVIC_ClearPendingIRQ  klaw.o
    0x00001334   0x00001334   0x00000010   Code   RO          159    .text.__NVIC_EnableIRQ  klaw.o
    0x00001344   0x00001344   0x00000018   Code   RO          155    .text.__NVIC_SetPriority  klaw.o
    0x0000135c   0x0000135c   0x00000154   Code   RO          119    .text.admin_mode_logic  main.o
    0x000014b0   0x000014b0   0x00000084   Code   RO          117    .text.check_admin_combination  main.o
    0x00001534   0x00001534   0x000001c0   Code   RO          121    .text.check_alarm_combination  main.o
    0x000016f4   0x000016f4   0x0000000c   Code   RO           40    .text.i2c_ack       i2c.o
    0x00001700   0x00001700   0x0000000c   Code   RO           34    .text.i2c_clr_IICIF  i2c.o
    0x0000170c   0x0000170c   0x0000000c   Code   RO           18    .text.i2c_disable   i2c.o
    0x00001718   0x00001718   0x0000000c   Code   RO            6    .text.i2c_enable    i2c.o
    0x00001724   0x00001724   0x00000018   Code   RO           36    .text.i2c_m_rstart  i2c.o
    0x0000173c   0x0000173c   0x0000000c   Code   RO           10    .text.i2c_m_start   i2c.o
    0x00001748   0x00001748   0x0000000c   Code   RO           16    .text.i2c_m_stop    i2c.o
    0x00001754   0x00001754   0x0000000c   Code   RO           26    .text.i2c_nack      i2c.o
    0x00001760   0x00001760   0x0000000c   Code   RO           24    .text.i2c_rec       i2c.o
    0x0000176c   0x0000176c   0x00000008   Code   RO           28    .text.i2c_recv      i2c.o
    0x00001774   0x00001774   0x0000000c   Code   RO           12    .text.i2c_send      i2c.o
    0x00001780   0x00001780   0x00000010   Code   RO            8    .text.i2c_tran      i2c.o
    0x00001790   0x00001790   0x0000005c   Code   RO           14    .text.i2c_wait      i2c.o
    0x000017ec   0x000017ec   0x000002c4   Code   RO          123    .text.main          main.o
    0x00001ab0   0x00001ab0   0x00000016   Code   RO          251    i._dgr              fz_ps.l(dcmp.o)
    0x00001ac6   0x00001ac6   0x0000001a   Code   RO          252    i._dleq             fz_ps.l(dcmp.o)
    0x00001ae0   0x00001ae0   0x00000064   Code   RO          283    x$fpl$dgeqf         fz_ps.l(dgef.o)
    0x00001b44   0x00001b44   0x00000064   Code   RO          285    x$fpl$dleqf         fz_ps.l(dlef.o)
    0x00001ba8   0x00001ba8   0x00000000   Code   RO          287    x$fpl$usenofp       fz_ps.l(usenofp.o)
    0x00001ba8   0x00001ba8   0x00000021   Data   RO          131    .rodata.str1.1      main.o
    0x00001bc9   0x00001bc9   0x00000003   PAD
    0x00001bcc   0x00001bcc   0x00000020   Data   RO          465    Region$$Table       anon$$obj.o


    Execution Region RW_IRAM1 (Exec base: 0x1ffffc00, Load base: 0x00001bf0, Size: 0x000003f8, Max: 0x00001000, ABSOLUTE)

    Exec Addr    Load Addr    Size         Type   Attr      Idx    E Section Name        Object

    0x1ffffc00   0x00001bf0   0x00000008   Data   RW           86    .data.PL_CH_a_      lcd1602.o
    0x1ffffc08   0x00001bf8   0x00000008   Data   RW           87    .data.PL_CH_c_      lcd1602.o
    0x1ffffc10   0x00001c00   0x00000008   Data   RW           88    .data.PL_CH_e_      lcd1602.o
    0x1ffffc18   0x00001c08   0x00000008   Data   RW           89    .data.PL_CH_l_      lcd1602.o
    0x1ffffc20   0x00001c10   0x00000008   Data   RW           90    .data.PL_CH_n_      lcd1602.o
    0x1ffffc28   0x00001c18   0x00000008   Data   RW           91    .data.PL_CH_o_      lcd1602.o
    0x1ffffc30   0x00001c20   0x00000008   Data   RW           92    .data.PL_CH_s_      lcd1602.o
    0x1ffffc38   0x00001c28   0x00000008   Data   RW           93    .data.PL_CH_z_      lcd1602.o
    0x1ffffc40   0x00001c30   0x00000003   Data   RW          132    .data.code          main.o
    0x1ffffc43   0x00001c33   0x00000001   Data   RW           95    .data.lcd_backlight  lcd1602.o
    0x1ffffc44   0x00001c34   0x00000004   PAD
    0x1ffffc48        -       0x00000060   Zero   RW          329    .bss                c_p.l(libspace.o)
    0x1ffffca8        -       0x00000001   Zero   RW          125    .bss.S2_press       main.o
    0x1ffffca9        -       0x00000001   Zero   RW          126    .bss.S3_press       main.o
    0x1ffffcaa        -       0x00000001   Zero   RW          127    .bss.S4_press       main.o
    0x1ffffcab   0x00001c34   0x00000005   PAD
    0x1ffffcb0        -       0x00000008   Zero   RW          139    .bss.X              main.o
    0x1ffffcb8        -       0x00000008   Zero   RW          140    .bss.Y              main.o
    0x1ffffcc0        -       0x00000008   Zero   RW          141    .bss.Z              main.o
    0x1ffffcc8        -       0x00000001   Zero   RW          130    .bss.admin_index    main.o
    0x1ffffcc9        -       0x00000001   Zero   RW          129    .bss.admin_mode     main.o
    0x1ffffcca        -       0x00000001   Zero   RW          128    .bss.alarm_armed    main.o
    0x1ffffccb        -       0x00000006   Zero   RW          134    .bss.arrayXYZ       main.o
    0x1ffffcd1   0x00001c34   0x00000007   PAD
    0x1ffffcd8        -       0x00000008   Zero   RW          135    .bss.baseX          main.o
    0x1ffffce0        -       0x00000008   Zero   RW          136    .bss.baseY          main.o
    0x1ffffce8        -       0x00000008   Zero   RW          137    .bss.baseZ          main.o
    0x1ffffcf0        -       0x00000001   Zero   RW           43    .bss.dummy          i2c.o
    0x1ffffcf1        -       0x00000001   Zero   RW           42    .bss.error          i2c.o
    0x1ffffcf2        -       0x00000001   Zero   RW          133    .bss.input_index    main.o
    0x1ffffcf3        -       0x00000001   Zero   RW           96    .bss.pcf_address    lcd1602.o
    0x1ffffcf4        -       0x00000001   Zero   RW          138    .bss.status         main.o
    0x1ffffcf5   0x00001c34   0x00000003   PAD
    0x1ffffcf8        -       0x00000000   Zero   RW          179    HEAP                startup_mkl05z4.o
    0x1ffffcf8        -       0x00000300   Zero   RW          178    STACK               startup_mkl05z4.o


==============================================================================

Image component sizes


      Code (inc. data)   RO Data    RW Data    ZI Data      Debug   Object Name

       824         44          0          0          2       5164   i2c.o
       176         16          0          0          0       3456   klaw.o
       848         70          0         65          1       5296   lcd1602.o
        68         12          0          0          0       1698   leds.o
      1820        408         33          3         62       5228   main.o
        56         12          0          0          0       1819   pir.o
        68         38        192          0        768        820   startup_mkl05z4.o
        76         16          0          0          0       2332   system_mkl05z4.o

    ----------------------------------------------------------------------
      3936        616        260         68        852      25813   Object Totals
         0          0         32          0          0          0   (incl. Generated)
         0          0          3          0         19          0   (incl. Padding)

    ----------------------------------------------------------------------

      Code (inc. data)   RO Data    RW Data    ZI Data      Debug   Library Member Name

         8          0          0          0          0         68   __main.o
       108          0          0          0          0         76   __printf.o
         0          0          0          0          0          0   __rtentry.o
        12          0          0          0          0          0   __rtentry2.o
         6          0          0          0          0          0   __rtentry4.o
        60          8          0          0          0          0   __scatter.o
        26          0          0          0          0          0   __scatter_copy.o
        28          0          0          0          0          0   __scatter_zi.o
        48          6          0          0          0         88   _printf_char_common.o
        10          0          0          0          0          0   _printf_d.o
       108         18          0          0          0         76   _printf_dec.o
       176          0          0          0          0         84   _printf_intcommon.o
         2          0          0          0          0          0   _printf_percent.o
         4          0          0          0          0          0   _printf_percent_end.o
        16          0          0          0          0         60   _snputc.o
        10          0          0          0          0         60   _sputc.o
        16          0          0          0          0         68   exit.o
         6          0          0          0          0        136   heapauxi.o
         0          0          0          0          0          0   indicate_semi.o
         2          0          0          0          0          0   libinit.o
         2          0          0          0          0          0   libinit2.o
         2          0          0          0          0          0   libshutdown.o
         2          0          0          0          0          0   libshutdown2.o
         8          4          0          0         96         68   libspace.o
        56          6          0          0          0         84   noretval__2snprintf.o
         2          0          0          0          0          0   rtexit.o
        10          0          0          0          0          0   rtexit2.o
        40          0          0          0          0         60   rtudiv10.o
        12          4          0          0          0         60   sys_exit.o
        62          0          0          0          0         80   sys_stackheap_outer.o
         2          0          0          0          0         68   use_no_semi.o
        46          0          0          0          0         60   cmpret.o
       856         20          0          0          0        208   daddsub.o
        48          0          0          0          0        136   dcmp.o
       160          6          0          0          0         76   dcmpin.o
        88          0          0          0          0         92   dflti.o
       100          4          0          0          0         92   dgef.o
       100          4          0          0          0         92   dlef.o
       584         26          0          0          0         84   dmul.o
        20          6          0          0          0         68   dnan2.o
        94          0          0          0          0         68   retnan.o
         0          0          0          0          0          0   usenofp.o

    ----------------------------------------------------------------------
      2952        112          0          0         96       2112   Library Totals
        12          0          0          0          0          0   (incl. Padding)

    ----------------------------------------------------------------------

      Code (inc. data)   RO Data    RW Data    ZI Data      Debug   Library Name

       844         46          0          0         96       1136   c_p.l
      2096         66          0          0          0        976   fz_ps.l

    ----------------------------------------------------------------------
      2952        112          0          0         96       2112   Library Totals

    ----------------------------------------------------------------------

==============================================================================


      Code (inc. data)   RO Data    RW Data    ZI Data      Debug   

      6888        728        260         68        948      26861   Grand Totals
      6888        728        260         68        948      26861   ELF Image Totals
      6888        728        260         68          0          0   ROM Totals

==============================================================================

    Total RO  Size (Code + RO Data)                 7148 (   6.98kB)
    Total RW  Size (RW Data + ZI Data)              1016 (   0.99kB)
    Total ROM Size (Code + RO Data + RW Data)       7216 (   7.05kB)

==============================================================================

